###############################################################################
#
# IAR ELF Linker V7.40.2.8542/W32 for ARM                 30/Sep/2015  23:01:48
# Copyright 2007-2015 IAR Systems AB.
#
#    Output file  =  
#        D:\_WORK\GitHub\SignalGenerator\IAR_EW6.7\EWARM\TIM_TimeBase\Exe\TIM_TimeBase.out
#    Map file     =  
#        D:\_WORK\GitHub\SignalGenerator\IAR_EW6.7\EWARM\TIM_TimeBase\List\TIM_TimeBase.map
#    Command line =  
#        D:\_WORK\GitHub\SignalGenerator\IAR_EW6.7\EWARM\TIM_TimeBase\Obj\config.o
#        D:\_WORK\GitHub\SignalGenerator\IAR_EW6.7\EWARM\TIM_TimeBase\Obj\delay.o
#        D:\_WORK\GitHub\SignalGenerator\IAR_EW6.7\EWARM\TIM_TimeBase\Obj\errors.o
#        D:\_WORK\GitHub\SignalGenerator\IAR_EW6.7\EWARM\TIM_TimeBase\Obj\HD44780.o
#        D:\_WORK\GitHub\SignalGenerator\IAR_EW6.7\EWARM\TIM_TimeBase\Obj\main.o
#        D:\_WORK\GitHub\SignalGenerator\IAR_EW6.7\EWARM\TIM_TimeBase\Obj\startup_stm32f0xx.o
#        D:\_WORK\GitHub\SignalGenerator\IAR_EW6.7\EWARM\TIM_TimeBase\Obj\stm32f0_discovery.o
#        D:\_WORK\GitHub\SignalGenerator\IAR_EW6.7\EWARM\TIM_TimeBase\Obj\stm32f0xx_adc.o
#        D:\_WORK\GitHub\SignalGenerator\IAR_EW6.7\EWARM\TIM_TimeBase\Obj\stm32f0xx_dac.o
#        D:\_WORK\GitHub\SignalGenerator\IAR_EW6.7\EWARM\TIM_TimeBase\Obj\stm32f0xx_dma.o
#        D:\_WORK\GitHub\SignalGenerator\IAR_EW6.7\EWARM\TIM_TimeBase\Obj\stm32f0xx_exti.o
#        D:\_WORK\GitHub\SignalGenerator\IAR_EW6.7\EWARM\TIM_TimeBase\Obj\stm32f0xx_flash.o
#        D:\_WORK\GitHub\SignalGenerator\IAR_EW6.7\EWARM\TIM_TimeBase\Obj\stm32f0xx_gpio.o
#        D:\_WORK\GitHub\SignalGenerator\IAR_EW6.7\EWARM\TIM_TimeBase\Obj\stm32f0xx_it.o
#        D:\_WORK\GitHub\SignalGenerator\IAR_EW6.7\EWARM\TIM_TimeBase\Obj\stm32f0xx_misc.o
#        D:\_WORK\GitHub\SignalGenerator\IAR_EW6.7\EWARM\TIM_TimeBase\Obj\stm32f0xx_pwr.o
#        D:\_WORK\GitHub\SignalGenerator\IAR_EW6.7\EWARM\TIM_TimeBase\Obj\stm32f0xx_rcc.o
#        D:\_WORK\GitHub\SignalGenerator\IAR_EW6.7\EWARM\TIM_TimeBase\Obj\stm32f0xx_syscfg.o
#        D:\_WORK\GitHub\SignalGenerator\IAR_EW6.7\EWARM\TIM_TimeBase\Obj\stm32f0xx_tim.o
#        D:\_WORK\GitHub\SignalGenerator\IAR_EW6.7\EWARM\TIM_TimeBase\Obj\stm32f0xx_usart.o
#        D:\_WORK\GitHub\SignalGenerator\IAR_EW6.7\EWARM\TIM_TimeBase\Obj\string.o
#        D:\_WORK\GitHub\SignalGenerator\IAR_EW6.7\EWARM\TIM_TimeBase\Obj\system_stm32f0xx.o
#        D:\_WORK\GitHub\SignalGenerator\IAR_EW6.7\EWARM\TIM_TimeBase\Obj\timeout.o
#        --redirect _Printf=_PrintfSmall --redirect _Scanf=_ScanfSmall -o
#        D:\_WORK\GitHub\SignalGenerator\IAR_EW6.7\EWARM\TIM_TimeBase\Exe\TIM_TimeBase.out
#        --map
#        D:\_WORK\GitHub\SignalGenerator\IAR_EW6.7\EWARM\TIM_TimeBase\List\TIM_TimeBase.map
#        --config
#        D:\_WORK\GitHub\SignalGenerator\IAR_EW6.7\EWARM\stm32f0xx_flash.icf
#        --semihosting --entry __iar_program_start --vfe --enable_stack_usage
#
###############################################################################

*******************************************************************************
*** MESSAGES
***

Warning[Ls015]: [stack usage analysis] at least one function appears to be
          uncalled. Example: "DMA1_Channel1_IRQHandler". A complete list of
          uncalled functions is in the map file.


*******************************************************************************
*** RUNTIME MODEL ATTRIBUTES
***

CppFlavor       = *
__SystemLibrary = DLib


*******************************************************************************
*** PLACEMENT SUMMARY
***

"A1":  place at 0x08000000 { ro section .intvec };
"P1":  place in [from 0x08000000 to 0x0800ffff] { ro };
"P2":  place in [from 0x20000000 to 0x20001fff] { rw, block CSTACK, block HEAP };

  Section            Kind        Address    Size  Object
  -------            ----        -------    ----  ------
"A1":                                       0xc0
  .intvec            ro code  0x08000000    0xc0  startup_stm32f0xx.o [1]
                            - 0x080000c0    0xc0

"P1":                                     0x2d1c
  .rodata            const    0x080000c0   0xcc4  main.o [1]
  .text              ro code  0x08000d84   0x94c  main.o [1]
  .text              ro code  0x080016d0   0x47e  config.o [1]
  .text              ro code  0x08001b4e     0x2  startup_stm32f0xx.o [1]
  .text              ro code  0x08001b50    0x10  errors.o [1]
  .text              ro code  0x08001b60   0x154  system_stm32f0xx.o [1]
  .text              ro code  0x08001cb4   0x22c  HD44780.o [1]
  .text              ro code  0x08001ee0   0x1ec  stm32f0xx_tim.o [1]
  .text              ro code  0x080020cc   0x19a  stm32f0xx_usart.o [1]
  .text              ro code  0x08002266     0x2  startup_stm32f0xx.o [1]
  .text              ro code  0x08002268    0xbc  stm32f0xx_dma.o [1]
  .text              ro code  0x08002324    0x86  string.o [1]
  .text              ro code  0x080023aa    0xe0  I32DivModFast.o [4]
  .text              ro code  0x0800248a     0x2  startup_stm32f0xx.o [1]
  .text              ro code  0x0800248c   0x154  stm32f0xx_rcc.o [1]
  .text              ro code  0x080025e0    0x8a  stm32f0xx_gpio.o [1]
  .text              ro code  0x0800266a     0x2  startup_stm32f0xx.o [1]
  .text              ro code  0x0800266c    0x54  stm32f0xx_misc.o [1]
  .text              ro code  0x080026c0    0x50  stm32f0xx_dac.o [1]
  .text              ro code  0x08002710    0x44  delay.o [1]
  .text              ro code  0x08002754     0x2  IntDivZer.o [4]
  .text              ro code  0x08002756     0x2  startup_stm32f0xx.o [1]
  .text              ro code  0x08002758   0x4c4  stm32f0xx_it.o [1]
  .text              ro code  0x08002c1c    0x30  copy_init3.o [4]
  .text              ro code  0x08002c4c    0x28  data_init.o [4]
  .iar.init_table    const    0x08002c74    0x14  - Linker created -
  .text              ro code  0x08002c88    0x1a  cmain.o [4]
  .text              ro code  0x08002ca2     0x4  low_level_init.o [3]
  .text              ro code  0x08002ca6     0x8  exit.o [3]
  .text              ro code  0x08002cae     0x2  startup_stm32f0xx.o [1]
  .text              ro code  0x08002cb0     0xa  cexit.o [4]
  .text              ro code  0x08002cba     0x2  startup_stm32f0xx.o [1]
  .text              ro code  0x08002cbc    0x14  exit.o [5]
  .text              ro code  0x08002cd0    0x10  startup_stm32f0xx.o [1]
  .text              ro code  0x08002ce0     0xc  cstartup_M.o [4]
  .text              ro code  0x08002cec     0x2  startup_stm32f0xx.o [1]
  .text              ro code  0x08002cee     0x2  startup_stm32f0xx.o [1]
  .text              ro code  0x08002cf0     0x2  startup_stm32f0xx.o [1]
  .text              ro code  0x08002cf2     0x2  startup_stm32f0xx.o [1]
  .text              ro code  0x08002cf4     0x2  startup_stm32f0xx.o [1]
  .text              ro code  0x08002cf6     0x2  startup_stm32f0xx.o [1]
  .text              ro code  0x08002cf8     0x2  startup_stm32f0xx.o [1]
  .text              ro code  0x08002cfa     0x2  startup_stm32f0xx.o [1]
  .text              ro code  0x08002cfc     0x2  startup_stm32f0xx.o [1]
  .text              ro code  0x08002cfe     0x2  startup_stm32f0xx.o [1]
  .text              ro code  0x08002d00     0x2  startup_stm32f0xx.o [1]
  .text              ro code  0x08002d02     0x2  startup_stm32f0xx.o [1]
  .text              ro code  0x08002d04     0x2  startup_stm32f0xx.o [1]
  .text              ro code  0x08002d06     0x2  startup_stm32f0xx.o [1]
  .text              ro code  0x08002d08     0x2  startup_stm32f0xx.o [1]
  .text              ro code  0x08002d0a     0x2  startup_stm32f0xx.o [1]
  .text              ro code  0x08002d0c     0x2  startup_stm32f0xx.o [1]
  .text              ro code  0x08002d0e     0x2  startup_stm32f0xx.o [1]
  .rodata            const    0x08002d10     0x0  copy_init3.o [4]
  Initializer bytes  const    0x08002d10    0xcc  <for P2 s0>
                            - 0x08002ddc  0x2d1c

"P2":                                      0x4d0
  P2 s0                       0x20000000    0xcc  <Init block>
    .data            inited   0x20000000    0x3c  main.o [1]
    .data            inited   0x2000003c    0x34  stm32f0xx_it.o [1]
    .bss             inited   0x20000070    0x17  stm32f0xx_it.o [1]
    .data            inited   0x20000088    0x14  system_stm32f0xx.o [1]
    .data            inited   0x2000009c    0x10  stm32f0xx_rcc.o [1]
    .bss             inited   0x200000ac     0xc  stm32f0xx_it.o [1]
    .data            inited   0x200000b8     0x6  timeout.o [1]
    .data            inited   0x200000be     0x6  timeout.o [1]
    .bss             inited   0x200000c4     0x4  main.o [1]
    .bss             inited   0x200000c8     0x2  errors.o [1]
  CSTACK                      0x200000d0   0x400  <Block>
    CSTACK           uninit   0x200000d0   0x400  <Block tail>
                            - 0x200004d0   0x4d0


*******************************************************************************
*** INIT TABLE
***

          Address     Size
          -------     ----
Copy (__iar_copy_init3)
    1 source range, total size 0xcc (100% of destination):
          0x08002d10  0xcc
    1 destination range, total size 0xca:
          0x20000000  0xca


*******************************************************************************
*** STACK USAGE
***

  Call Graph Root Category  Max Use  Total Use
  ------------------------  -------  ---------
  Program entry                 196        196
  Uncalled function              36        100


Program entry
  "__iar_program_start": 0x08002ce1

  Maximum call chain                               196 bytes

    "__iar_program_start"                            0
    "__cmain"                                        0
    "main"                                          72
    "Config"                                         8
    "Config_UART1"                                  40
    "USART_Init"                                    48
    "RCC_GetClocksFreq"                             20
    "__aeabi_uidiv"                                  8
    "__aeabi_idiv0"                                  0

Uncalled function
  "DMA1_Channel1_IRQHandler": 0x08002759

  Maximum call chain                                32 bytes

    "DMA1_Channel1_IRQHandler"                      24
    "__aeabi_idiv"                                   0
    "__aeabi_uidiv"                                  8
    "__aeabi_idiv0"                                  0

Uncalled function
  "HardFault_Handler": 0x080027dd

  Maximum call chain                                 0 bytes

    "HardFault_Handler"                              0

Uncalled function
  "NMI_Handler": 0x080027db

  Maximum call chain                                 0 bytes

    "NMI_Handler"                                    0

Uncalled function
  "PendSV_Handler": 0x080027e1

  Maximum call chain                                 0 bytes

    "PendSV_Handler"                                 0

Uncalled function
  "SVC_Handler": 0x080027df

  Maximum call chain                                 0 bytes

    "SVC_Handler"                                    0

Uncalled function
  "SysTick_Handler": 0x080027e3

  Maximum call chain                                 0 bytes

    "SysTick_Handler"                                0

Uncalled function
  "TIM2_IRQHandler": 0x080027d9

  Maximum call chain                                 0 bytes

    "TIM2_IRQHandler"                                0

Uncalled function
  "TIM3_IRQHandler": 0x080027e5

  Maximum call chain                                24 bytes

    "TIM3_IRQHandler"                               24
    "TIM_ClearITPendingBit"                          0

Uncalled function
  "USART1_IRQHandler": 0x08002ab9

  Maximum call chain                                36 bytes

    "USART1_IRQHandler"                             24
    "USART_GetITStatus"                             12

Uncalled function
  "SystemInit": 0x08001b61

  Maximum call chain                                 8 bytes

    "SystemInit"                                     8


*******************************************************************************
*** MODULE SUMMARY
***

    Module               ro code  ro data  rw data
    ------               -------  -------  -------
D:\_WORK\GitHub\SignalGenerator\IAR_EW6.7\EWARM\TIM_TimeBase\Obj: [1]
    HD44780.o                556
    config.o               1 150
    delay.o                   68
    errors.o                  16        2        2
    main.o                 2 380    3 332       64
    startup_stm32f0xx.o      258
    stm32f0xx_dac.o           80
    stm32f0xx_dma.o          188
    stm32f0xx_gpio.o         138
    stm32f0xx_it.o         1 220       87       87
    stm32f0xx_misc.o          84
    stm32f0xx_rcc.o          340       16       16
    stm32f0xx_tim.o          492
    stm32f0xx_usart.o        410
    string.o                 134
    system_stm32f0xx.o       340       21       20
    timeout.o                          12       12
    ----------------------------------------------
    Total:                 7 854    3 470      201

command line: [2]
    ----------------------------------------------
    Total:

dl6M_tln.a: [3]
    exit.o                     8
    low_level_init.o           4
    ----------------------------------------------
    Total:                    12

rt6M_tl.a: [4]
    I32DivModFast.o          224
    IntDivZer.o                2
    cexit.o                   10
    cmain.o                   26
    copy_init3.o              48
    cstartup_M.o              12
    data_init.o               40
    ----------------------------------------------
    Total:                   362

shb_l.a: [5]
    exit.o                    20
    ----------------------------------------------
    Total:                    20

    Gaps                                         1
    Linker created                     22    1 024
--------------------------------------------------
    Grand Total:           8 248    3 492    1 226


*******************************************************************************
*** ENTRY LIST
***

Entry                      Address   Size  Type      Object
-----                      -------   ----  ----      ------
.iar.init_table$$Base   0x08002c74          --   Gb  - Linker created -
.iar.init_table$$Limit  0x08002c88          --   Gb  - Linker created -
?main                   0x08002c89         Code  Gb  cmain.o [4]
ADC_Conv_Tab            0x200000b4    0x4  Data  Gb  stm32f0xx_it.o [1]
ADC_Conv_Tab_Avg        0x200000c4    0x4  Data  Gb  main.o [1]
ADC_Conv_Tab_Avg_Acc    0x200000b0    0x4  Data  Gb  stm32f0xx_it.o [1]
AHBPrescTable           0x20000088   0x10  Data  Gb  system_stm32f0xx.o [1]
APBAHBPrescTable        0x2000009c   0x10  Data  Lc  stm32f0xx_rcc.o [1]
BTN_CHGWAVE_DEB_STATE   0x2000004a    0x1  Data  Gb  stm32f0xx_it.o [1]
BTN_CHGWAVE_DELAY_FLAG  0x2000004e    0x1  Data  Gb  stm32f0xx_it.o [1]
BTN_CHGWAVE_press_timer
                        0x2000006e    0x2  Data  Gb  stm32f0xx_it.o [1]
BTN_FREQDEC_DEB_STATE   0x20000044    0x1  Data  Gb  stm32f0xx_it.o [1]
BTN_FREQDEC_DELAY_FLAG  0x2000004c    0x1  Data  Gb  stm32f0xx_it.o [1]
BTN_FREQDEC_press_timer
                        0x20000066    0x2  Data  Gb  stm32f0xx_it.o [1]
BTN_FREQDUTY_DEB_STATE  0x20000047    0x1  Data  Gb  stm32f0xx_it.o [1]
BTN_FREQDUTY_DELAY_FLAG
                        0x2000004d    0x1  Data  Gb  stm32f0xx_it.o [1]
BTN_FREQDUTY_press_timer
                        0x2000006a    0x2  Data  Gb  stm32f0xx_it.o [1]
BTN_FREQINC_DEB_STATE   0x20000041    0x1  Data  Gb  stm32f0xx_it.o [1]
BTN_FREQINC_DELAY_FLAG  0x2000004b    0x1  Data  Gb  stm32f0xx_it.o [1]
BTN_FREQINC_press_timer
                        0x20000062    0x2  Data  Gb  stm32f0xx_it.o [1]
CAL                     0x08000d80    0x4  Data  Gb  main.o [1]
CSTACK$$Base            0x200000d0          --   Gb  - Linker created -
CSTACK$$Limit           0x200004d0          --   Gb  - Linker created -
Config                  0x080016d1   0x2c  Code  Gb  config.o [1]
Config_DAC_DMA          0x08001a2f   0x92  Code  Gb  config.o [1]
Config_GPIO             0x080016fd  0x194  Code  Gb  config.o [1]
Config_TIM1             0x08001891   0x5c  Code  Gb  config.o [1]
Config_TIM15            0x08001999   0x26  Code  Gb  config.o [1]
Config_TIM2             0x080018ef   0x5e  Code  Gb  config.o [1]
Config_TIM3             0x0800194d   0x4c  Code  Gb  config.o [1]
Config_TIM6             0x08001b01   0x46  Code  Gb  config.o [1]
Config_UART1            0x080019bf   0x6e  Code  Gb  config.o [1]
Current_Screen          0x20000000    0x1  Data  Gb  main.o [1]
DAC_Cmd                 0x080026db   0x18  Code  Gb  stm32f0xx_dac.o [1]
DAC_DMACmd              0x080026f3   0x1a  Code  Gb  stm32f0xx_dac.o [1]
DAC_Init                0x080026c1   0x1a  Code  Gb  stm32f0xx_dac.o [1]
DMA1_Channel1_IRQHandler
                        0x08002759   0x70  Code  Gb  stm32f0xx_it.o [1]
DMA_ClearITPendingBit   0x0800230d    0x6  Code  Gb  stm32f0xx_dma.o [1]
DMA_Cmd                 0x080022f9   0x14  Code  Gb  stm32f0xx_dma.o [1]
DMA_DeInit              0x08002269   0x5a  Code  Gb  stm32f0xx_dma.o [1]
DMA_Init                0x080022c3   0x36  Code  Gb  stm32f0xx_dma.o [1]
Errors_Init             0x08001b51    0xa  Code  Gb  errors.o [1]
FLAG_1000ms             0x2000003e    0x1  Data  Gb  stm32f0xx_it.o [1]
FLAG_250ms              0x2000003c    0x1  Data  Gb  stm32f0xx_it.o [1]
FLAG_500ms              0x2000003d    0x1  Data  Gb  stm32f0xx_it.o [1]
FLAG_ADC_NewData        0x200000ad    0x1  Data  Gb  stm32f0xx_it.o [1]
FLAG_UART_cmd_rcv       0x20000086    0x1  Data  Gb  stm32f0xx_it.o [1]
GPIO_Init               0x080025e1   0x6a  Code  Gb  stm32f0xx_gpio.o [1]
GPIO_PinAFConfig        0x0800264b   0x20  Code  Gb  stm32f0xx_gpio.o [1]
HardFault_Handler       0x080027dd    0x2  Code  Gb  stm32f0xx_it.o [1]
LCD_Clear               0x08001e6d   0x10  Code  Gb  HD44780.o [1]
LCD_Clock               0x08001cb5   0x1c  Code  Gb  HD44780.o [1]
LCD_GoTo                0x08001e7d   0x10  Code  Gb  HD44780.o [1]
LCD_Initialize          0x08001d97   0xac  Code  Gb  HD44780.o [1]
LCD_Move_Cursor         0x08001ead   0x1e  Code  Gb  HD44780.o [1]
LCD_Write               0x08001cd1   0xc6  Code  Gb  HD44780.o [1]
LCD_WriteString         0x08001e43   0x2a  Code  Gb  HD44780.o [1]
NMI_Handler             0x080027db    0x2  Code  Gb  stm32f0xx_it.o [1]
NVIC_Init               0x0800266d   0x46  Code  Gb  stm32f0xx_misc.o [1]
PendSV_Handler          0x080027e1    0x2  Code  Gb  stm32f0xx_it.o [1]
RCC_AHBPeriphClockCmd   0x08002553   0x14  Code  Gb  stm32f0xx_rcc.o [1]
RCC_APB1PeriphClockCmd  0x0800257b   0x14  Code  Gb  stm32f0xx_rcc.o [1]
RCC_APB1PeriphResetCmd  0x080025a9   0x14  Code  Gb  stm32f0xx_rcc.o [1]
RCC_APB2PeriphClockCmd  0x08002567   0x14  Code  Gb  stm32f0xx_rcc.o [1]
RCC_APB2PeriphResetCmd  0x0800258f   0x14  Code  Gb  stm32f0xx_rcc.o [1]
RCC_GetClocksFreq       0x0800248d   0xc6  Code  Gb  stm32f0xx_rcc.o [1]
Region$$Table$$Base     0x08002c74          --   Gb  - Linker created -
Region$$Table$$Limit    0x08002c88          --   Gb  - Linker created -
SVC_Handler             0x080027df    0x2  Code  Gb  stm32f0xx_it.o [1]
SawTooth12bit130        0x08000274  0x104  Data  Gb  main.o [1]
SawTooth12bit65         0x080001f0   0x84  Data  Gb  main.o [1]
SinCard12bit130         0x08000584  0x104  Data  Gb  main.o [1]
SinCard12bit65          0x08000500   0x84  Data  Gb  main.o [1]
Sinus12bit130           0x080000ec  0x104  Data  Gb  main.o [1]
Sinus12bit65            0x0800164c   0x84  Data  Gb  main.o [1]
SysTick_Handler         0x080027e3    0x2  Code  Gb  stm32f0xx_it.o [1]
SystemCoreClock         0x20000098    0x4  Data  Gb  system_stm32f0xx.o [1]
SystemCoreClockUpdate   0x08001c39   0x50  Code  Gb  system_stm32f0xx.o [1]
SystemInit              0x08001b61   0xd8  Code  Gb  system_stm32f0xx.o [1]
TIM2_IRQHandler         0x080027d9    0x2  Code  Gb  stm32f0xx_it.o [1]
TIM3_IRQHandler         0x080027e5  0x2aa  Code  Gb  stm32f0xx_it.o [1]
TIM_ClearITPendingBit   0x0800209f    0x6  Code  Gb  stm32f0xx_tim.o [1]
TIM_Cmd                 0x08001f3d   0x14  Code  Gb  stm32f0xx_tim.o [1]
TIM_CtrlPWMOutputs      0x08001f51   0x22  Code  Gb  stm32f0xx_tim.o [1]
TIM_DMACmd              0x080020a5   0x12  Code  Gb  stm32f0xx_tim.o [1]
TIM_GetFlagStatus       0x0800207b    0xe  Code  Gb  stm32f0xx_tim.o [1]
TIM_GetITStatus         0x08002089   0x16  Code  Gb  stm32f0xx_tim.o [1]
TIM_ITConfig            0x08002069   0x12  Code  Gb  stm32f0xx_tim.o [1]
TIM_OC1Init             0x08001f73   0x64  Code  Gb  stm32f0xx_tim.o [1]
TIM_OC4Init             0x08001ff5   0x44  Code  Gb  stm32f0xx_tim.o [1]
TIM_SelectOutputTrigger
                        0x080020b7   0x10  Code  Gb  stm32f0xx_tim.o [1]
TIM_SetCounter          0x08001f39    0x4  Code  Gb  stm32f0xx_tim.o [1]
TIM_TimeBaseInit        0x08001ee1   0x58  Code  Gb  stm32f0xx_tim.o [1]
TMR_ARR_tab130_6HzTo628Hz
                        0x080006b0  0x4e0  Data  Gb  main.o [1]
TMR_ARR_tab65_629HzTo876Hz
                        0x08000b90  0x1f0  Data  Gb  main.o [1]
TMR_PSC_ARR_tab130_1HzTo5Hz
                        0x08000688   0x28  Data  Gb  main.o [1]
Timeout_istout1         0x200000b8    0x1  Data  Gb  timeout.o [1]
Timeout_istout2         0x200000be    0x1  Data  Gb  timeout.o [1]
Timeout_tout1           0x200000bc    0x2  Data  Gb  timeout.o [1]
Timeout_tout2           0x200000c2    0x2  Data  Gb  timeout.o [1]
Timeout_toutcnt1        0x200000ba    0x2  Data  Gb  timeout.o [1]
Timeout_toutcnt2        0x200000c0    0x2  Data  Gb  timeout.o [1]
Triang12bit130          0x080003fc  0x104  Data  Gb  main.o [1]
Triang12bit65           0x08000378   0x84  Data  Gb  main.o [1]
UART_CMD                0x20000070   0x14  Data  Gb  stm32f0xx_it.o [1]
UART_rcv_state          0x20000050    0x1  Data  Gb  stm32f0xx_it.o [1]
UARTdatachksum          0x20000085    0x1  Data  Gb  stm32f0xx_it.o [1]
UARTrcvbuffidx          0x20000084    0x1  Data  Gb  stm32f0xx_it.o [1]
UARTtimeoutcnt          0x2000004f    0x1  Data  Gb  stm32f0xx_it.o [1]
USART1_IRQHandler       0x08002ab9  0x146  Code  Gb  stm32f0xx_it.o [1]
USART_ClearITPendingBit
                        0x0800225d    0xa  Code  Gb  stm32f0xx_usart.o [1]
USART_Cmd               0x080021b1   0x16  Code  Gb  stm32f0xx_usart.o [1]
USART_DeInit            0x080020cd   0x3a  Code  Gb  stm32f0xx_usart.o [1]
USART_GetFlagStatus     0x08002217    0xe  Code  Gb  stm32f0xx_usart.o [1]
USART_GetITStatus       0x08002225   0x38  Code  Gb  stm32f0xx_usart.o [1]
USART_ITConfig          0x080021ed   0x2a  Code  Gb  stm32f0xx_usart.o [1]
USART_Init              0x08002107   0xaa  Code  Gb  stm32f0xx_usart.o [1]
USART_ReceiveData       0x080021cf    0x8  Code  Gb  stm32f0xx_usart.o [1]
USART_SendData          0x080021c7    0x8  Code  Gb  stm32f0xx_usart.o [1]
VrefINT_CAL             0x20000002    0x2  Data  Gb  main.o [1]
__ICFEDIT_region_RAM_end__ {Abs}
                        0x20001fff          --   Gb  command line/config [2]
__ICFEDIT_region_RAM_start__ {Abs}
                        0x20000000          --   Gb  command line/config [2]
__aeabi_idiv            0x080023d7         Code  Gb  I32DivModFast.o [4]
__aeabi_idiv0           0x08002755         Code  Gb  IntDivZer.o [4]
__aeabi_idivmod         0x080023d7         Code  Gb  I32DivModFast.o [4]
__aeabi_uidiv           0x080023dd         Code  Gb  I32DivModFast.o [4]
__aeabi_uidivmod        0x080023dd         Code  Gb  I32DivModFast.o [4]
__cmain                 0x08002c89         Code  Gb  cmain.o [4]
__exit                  0x08002cbd   0x14  Code  Gb  exit.o [5]
__iar_copy_init3        0x08002c1d   0x30  Code  Gb  copy_init3.o [4]
__iar_data_init3        0x08002c4d   0x28  Code  Gb  data_init.o [4]
__iar_program_start     0x08002ce1         Code  Gb  cstartup_M.o [4]
__low_level_init        0x08002ca3    0x4  Code  Gb  low_level_init.o [3]
__vector_table          0x08000000         Data  Gb  startup_stm32f0xx.o [1]
_call_main              0x08002c95         Code  Gb  cmain.o [4]
_exit                   0x08002cb1         Code  Gb  cexit.o [4]
_main                   0x08002c9f         Code  Gb  cmain.o [4]
adc_samp_avg_cnt        0x200000ac    0x1  Data  Gb  stm32f0xx_it.o [1]
analog_sig_freq         0x20000004    0x2  Data  Gb  main.o [1]
analog_sig_freq_old     0x20000006    0x2  Data  Gb  main.o [1]
btn_chgwave_0_cnt       0x20000048    0x1  Data  Gb  stm32f0xx_it.o [1]
btn_chgwave_1_cnt       0x20000049    0x1  Data  Gb  stm32f0xx_it.o [1]
btn_chgwave_delay       0x2000005e    0x2  Data  Lc  stm32f0xx_it.o [1]
btn_chgwave_delay_cnt   0x2000006c    0x2  Data  Gb  stm32f0xx_it.o [1]
btn_freqdec_0_cnt       0x20000042    0x1  Data  Gb  stm32f0xx_it.o [1]
btn_freqdec_1_cnt       0x20000043    0x1  Data  Gb  stm32f0xx_it.o [1]
btn_freqdec_delay       0x2000005a    0x2  Data  Lc  stm32f0xx_it.o [1]
btn_freqdec_delay_cnt   0x20000064    0x2  Data  Gb  stm32f0xx_it.o [1]
btn_freqduty_0_cnt      0x20000045    0x1  Data  Gb  stm32f0xx_it.o [1]
btn_freqduty_1_cnt      0x20000046    0x1  Data  Gb  stm32f0xx_it.o [1]
btn_freqduty_delay      0x2000005c    0x2  Data  Lc  stm32f0xx_it.o [1]
btn_freqduty_delay_cnt  0x20000068    0x2  Data  Gb  stm32f0xx_it.o [1]
btn_freqinc_0_cnt       0x2000003f    0x1  Data  Gb  stm32f0xx_it.o [1]
btn_freqinc_1_cnt       0x20000040    0x1  Data  Gb  stm32f0xx_it.o [1]
btn_freqinc_delay       0x20000058    0x2  Data  Lc  stm32f0xx_it.o [1]
btn_freqinc_delay_cnt   0x20000060    0x2  Data  Gb  stm32f0xx_it.o [1]
cnt_flag_1000ms         0x20000056    0x2  Data  Gb  stm32f0xx_it.o [1]
cnt_flag_250ms          0x20000052    0x2  Data  Gb  stm32f0xx_it.o [1]
cnt_flag_500ms          0x20000054    0x2  Data  Gb  stm32f0xx_it.o [1]
delay_10us              0x08002711   0x44  Code  Gb  delay.o [1]
error_cnt               0x200000c8    0x1  Data  Lc  errors.o [1]
error_state             0x200000c9    0x1  Data  Lc  errors.o [1]
exit                    0x08002ca7    0x8  Code  Gb  exit.o [3]
freq_duty_selection     0x20000001    0x1  Data  Gb  main.o [1]
lcd_row1                0x20000014   0x14  Data  Lc  main.o [1]
lcd_row2                0x20000028   0x14  Data  Lc  main.o [1]
main                    0x08000d85  0x80c  Code  Gb  main.o [1]
ptr_VREFINT_CAL         0x20000010    0x4  Data  Gb  main.o [1]
pwm_sig_period          0x20000008    0x2  Data  Gb  main.o [1]
pwm_sig_pulse           0x2000000a    0x2  Data  Gb  main.o [1]
pwm_sig_pulse2period_ratio
                        0x2000000c    0x2  Data  Gb  main.o [1]
string_U32ToStr         0x08002357   0x54  Code  Gb  string.o [1]
string_append           0x08002339   0x1e  Code  Gb  string.o [1]
string_copy             0x08002325   0x14  Code  Gb  string.o [1]


[1] = D:\_WORK\GitHub\SignalGenerator\IAR_EW6.7\EWARM\TIM_TimeBase\Obj
[2] = command line
[3] = dl6M_tln.a
[4] = rt6M_tl.a
[5] = shb_l.a

  8 248 bytes of readonly  code memory
  3 492 bytes of readonly  data memory
  1 226 bytes of readwrite data memory

Errors: none
Warnings: 1
