###############################################################################
#
# IAR ELF Linker V7.70.2.11706/W32 for ARM                10/Jan/2017  23:46:17
# Copyright 2007-2016 IAR Systems AB.
#
#    Output file  =  
#        D:\Work\Bitbucket\ProgrammableLoad_SW\IAR_EW6.7\EWARM\TIM_TimeBase\Exe\TIM_TimeBase.out
#    Map file     =  
#        D:\Work\Bitbucket\ProgrammableLoad_SW\IAR_EW6.7\EWARM\TIM_TimeBase\List\TIM_TimeBase.map
#    Command line =  
#        D:\Work\Bitbucket\ProgrammableLoad_SW\IAR_EW6.7\EWARM\TIM_TimeBase\Obj\config.o
#        D:\Work\Bitbucket\ProgrammableLoad_SW\IAR_EW6.7\EWARM\TIM_TimeBase\Obj\delay.o
#        D:\Work\Bitbucket\ProgrammableLoad_SW\IAR_EW6.7\EWARM\TIM_TimeBase\Obj\errors.o
#        D:\Work\Bitbucket\ProgrammableLoad_SW\IAR_EW6.7\EWARM\TIM_TimeBase\Obj\HD44780.o
#        D:\Work\Bitbucket\ProgrammableLoad_SW\IAR_EW6.7\EWARM\TIM_TimeBase\Obj\main.o
#        D:\Work\Bitbucket\ProgrammableLoad_SW\IAR_EW6.7\EWARM\TIM_TimeBase\Obj\pid.o
#        D:\Work\Bitbucket\ProgrammableLoad_SW\IAR_EW6.7\EWARM\TIM_TimeBase\Obj\rtms.o
#        D:\Work\Bitbucket\ProgrammableLoad_SW\IAR_EW6.7\EWARM\TIM_TimeBase\Obj\stackusage.o
#        D:\Work\Bitbucket\ProgrammableLoad_SW\IAR_EW6.7\EWARM\TIM_TimeBase\Obj\startup_stm32f0xx.o
#        D:\Work\Bitbucket\ProgrammableLoad_SW\IAR_EW6.7\EWARM\TIM_TimeBase\Obj\stm32f0_discovery.o
#        D:\Work\Bitbucket\ProgrammableLoad_SW\IAR_EW6.7\EWARM\TIM_TimeBase\Obj\stm32f0xx_adc.o
#        D:\Work\Bitbucket\ProgrammableLoad_SW\IAR_EW6.7\EWARM\TIM_TimeBase\Obj\stm32f0xx_dac.o
#        D:\Work\Bitbucket\ProgrammableLoad_SW\IAR_EW6.7\EWARM\TIM_TimeBase\Obj\stm32f0xx_dma.o
#        D:\Work\Bitbucket\ProgrammableLoad_SW\IAR_EW6.7\EWARM\TIM_TimeBase\Obj\stm32f0xx_exti.o
#        D:\Work\Bitbucket\ProgrammableLoad_SW\IAR_EW6.7\EWARM\TIM_TimeBase\Obj\stm32f0xx_flash.o
#        D:\Work\Bitbucket\ProgrammableLoad_SW\IAR_EW6.7\EWARM\TIM_TimeBase\Obj\stm32f0xx_gpio.o
#        D:\Work\Bitbucket\ProgrammableLoad_SW\IAR_EW6.7\EWARM\TIM_TimeBase\Obj\stm32f0xx_it.o
#        D:\Work\Bitbucket\ProgrammableLoad_SW\IAR_EW6.7\EWARM\TIM_TimeBase\Obj\stm32f0xx_misc.o
#        D:\Work\Bitbucket\ProgrammableLoad_SW\IAR_EW6.7\EWARM\TIM_TimeBase\Obj\stm32f0xx_pwr.o
#        D:\Work\Bitbucket\ProgrammableLoad_SW\IAR_EW6.7\EWARM\TIM_TimeBase\Obj\stm32f0xx_rcc.o
#        D:\Work\Bitbucket\ProgrammableLoad_SW\IAR_EW6.7\EWARM\TIM_TimeBase\Obj\stm32f0xx_syscfg.o
#        D:\Work\Bitbucket\ProgrammableLoad_SW\IAR_EW6.7\EWARM\TIM_TimeBase\Obj\stm32f0xx_tim.o
#        D:\Work\Bitbucket\ProgrammableLoad_SW\IAR_EW6.7\EWARM\TIM_TimeBase\Obj\stm32f0xx_usart.o
#        D:\Work\Bitbucket\ProgrammableLoad_SW\IAR_EW6.7\EWARM\TIM_TimeBase\Obj\string.o
#        D:\Work\Bitbucket\ProgrammableLoad_SW\IAR_EW6.7\EWARM\TIM_TimeBase\Obj\system_stm32f0xx.o
#        D:\Work\Bitbucket\ProgrammableLoad_SW\IAR_EW6.7\EWARM\TIM_TimeBase\Obj\timeout.o
#        --redirect _Printf=_PrintfSmall --redirect _Scanf=_ScanfSmall -o
#        D:\Work\Bitbucket\ProgrammableLoad_SW\IAR_EW6.7\EWARM\TIM_TimeBase\Exe\TIM_TimeBase.out
#        --map
#        D:\Work\Bitbucket\ProgrammableLoad_SW\IAR_EW6.7\EWARM\TIM_TimeBase\List\TIM_TimeBase.map
#        --config
#        D:\Work\Bitbucket\ProgrammableLoad_SW\IAR_EW6.7\EWARM\stm32f0xx_flash.icf
#        --semihosting --entry __iar_program_start --vfe --enable_stack_usage
#
###############################################################################

*******************************************************************************
*** MESSAGES
***

Warning[Ls015]: [stack usage analysis] at least one function appears to be
          uncalled. Example: "DMA1_Channel1_IRQHandler". A complete list of
          uncalled functions is in the map file.


*******************************************************************************
*** RUNTIME MODEL ATTRIBUTES
***

CppFlavor       = *
__SystemLibrary = DLib


*******************************************************************************
*** PLACEMENT SUMMARY
***

"A0":  place at 0x08000000 { ro section .intvec };
"P1":  place in [from 0x08000000 to 0x0800ffff] { ro };
"P2":  place in [from 0x20000000 to 0x20001bff] { rw, block HEAP };
"P3":  place in [from 0x20001c00 to 0x20001fff] { block CSTACK };
initialize by copy { rw };

  Section            Kind        Address    Size  Object
  -------            ----        -------    ----  ------
"A0":                                       0xf8
  .intvec            ro code  0x08000000    0xf8  startup_stm32f0xx.o [1]
                            - 0x080000f8    0xf8

"P1":                                     0x1d99
  .text              ro code  0x080000f8   0x550  main.o [1]
  .text              ro code  0x08000648    0x54  stackusage.o [1]
  .text              ro code  0x0800069c   0x44c  config.o [1]
  .text              ro code  0x08000ae8    0x50  stm32f0xx_dac.o [1]
  .text              ro code  0x08000b38    0x49  errors.o [1]
  .text              ro code  0x08000b82     0x2  startup_stm32f0xx.o [1]
  .text              ro code  0x08000b84   0x154  system_stm32f0xx.o [1]
  .text              ro code  0x08000cd8   0x3e0  HD44780.o [1]
  .text              ro code  0x080010b8    0x60  rtms.o [1]
  .text              ro code  0x08001118    0xe0  I32DivModFast.o [5]
  .text              ro code  0x080011f8    0xb8  pid.o [1]
  .text              ro code  0x080012b0    0x60  stm32f0xx_rcc.o [1]
  .text              ro code  0x08001310    0x6a  stm32f0xx_gpio.o [1]
  .text              ro code  0x0800137a     0x2  startup_stm32f0xx.o [1]
  .text              ro code  0x0800137c    0x54  stm32f0xx_misc.o [1]
  .text              ro code  0x080013d0    0xbc  stm32f0xx_tim.o [1]
  .text              ro code  0x0800148c   0x110  stm32f0xx_adc.o [1]
  .text              ro code  0x0800159c    0xc8  stm32f0xx_dma.o [1]
  .text              ro code  0x08001664    0x1c  timeout.o [1]
  .text              ro code  0x08001680    0x54  delay.o [1]
  .text              ro code  0x080016d4     0x2  IntDivZer.o [5]
  .text              ro code  0x080016d6     0x2  startup_stm32f0xx.o [1]
  .text              ro code  0x080016d8    0x30  I32ToDbl.o [4]
  .text              ro code  0x08001708   0x184  DblMul.o [4]
  .text              ro code  0x0800188c    0x4e  DblToI32.o [4]
  .text              ro code  0x080018da     0x2  startup_stm32f0xx.o [1]
  .text              ro code  0x080018dc   0x41a  stm32f0xx_it.o [1]
  .text              ro code  0x08001cf6    0x3c  zero_init3.o [5]
  .text              ro code  0x08001d32    0x3c  packbits_init_single.o [5]
  .text              ro code  0x08001d6e     0x2  startup_stm32f0xx.o [1]
  .text              ro code  0x08001d70    0x28  data_init.o [5]
  .iar.init_table    const    0x08001d98    0x20  - Linker created -
  .text              ro code  0x08001db8    0x1a  cmain.o [5]
  .text              ro code  0x08001dd2     0x4  low_level_init.o [3]
  .text              ro code  0x08001dd6     0x8  exit.o [3]
  .text              ro code  0x08001dde     0x2  startup_stm32f0xx.o [1]
  .text              ro code  0x08001de0     0xa  cexit.o [5]
  .text              ro code  0x08001dea     0x2  startup_stm32f0xx.o [1]
  .text              ro code  0x08001dec    0x14  exit.o [6]
  .rodata            const    0x08001e00    0x10  main.o [1]
  .text              ro code  0x08001e10    0x10  startup_stm32f0xx.o [1]
  .text              ro code  0x08001e20     0xc  cstartup_M.o [5]
  .text              ro code  0x08001e2c     0x2  startup_stm32f0xx.o [1]
  .text              ro code  0x08001e2e     0x2  startup_stm32f0xx.o [1]
  .text              ro code  0x08001e30     0x2  startup_stm32f0xx.o [1]
  .text              ro code  0x08001e32     0x2  startup_stm32f0xx.o [1]
  .text              ro code  0x08001e34     0x2  startup_stm32f0xx.o [1]
  .text              ro code  0x08001e36     0x2  startup_stm32f0xx.o [1]
  .text              ro code  0x08001e38     0x2  startup_stm32f0xx.o [1]
  .text              ro code  0x08001e3a     0x2  startup_stm32f0xx.o [1]
  .text              ro code  0x08001e3c     0x2  startup_stm32f0xx.o [1]
  .text              ro code  0x08001e3e     0x2  startup_stm32f0xx.o [1]
  .text              ro code  0x08001e40     0x2  startup_stm32f0xx.o [1]
  .text              ro code  0x08001e42     0x2  startup_stm32f0xx.o [1]
  .text              ro code  0x08001e44     0x2  startup_stm32f0xx.o [1]
  .text              ro code  0x08001e46     0x2  startup_stm32f0xx.o [1]
  .text              ro code  0x08001e48     0x2  startup_stm32f0xx.o [1]
  .text              ro code  0x08001e4a     0x2  startup_stm32f0xx.o [1]
  .text              ro code  0x08001e4c     0x2  startup_stm32f0xx.o [1]
  .rodata            const    0x08001e4e     0x0  zero_init3.o [5]
  .rodata            const    0x08001e4e     0x0  packbits_init_single.o [5]
  Initializer bytes  const    0x08001e4e    0x43  <for P2-1>
                            - 0x08001e91  0x1d99

"P2", part 1 of 2:                          0xda
  P2-1                        0x20000000    0xda  <Init block>
    .data            inited   0x20000000    0x18  HD44780.o [1]
    .data            inited   0x20000018    0x44  main.o [1]
    .data            inited   0x2000005c    0x14  main.o [1]
    .data            inited   0x20000070    0x1c  rtms.o [1]
    .data            inited   0x2000008c    0x14  system_stm32f0xx.o [1]
    .data            inited   0x200000a0    0x2e  stm32f0xx_it.o [1]
    .data            inited   0x200000ce     0x6  timeout.o [1]
    .data            inited   0x200000d4     0x6  timeout.o [1]
                            - 0x200000da    0xda

"P2", part 2 of 2:                          0x70
  .bss               zero     0x200000dc    0x20  pid.o [1]
  .bss               zero     0x200000fc    0x20  stm32f0xx_it.o [1]
  .bss               zero     0x2000011c     0xc  stackusage.o [1]
  .bss               zero     0x20000128     0x6  delay.o [1]
  .bss               zero     0x2000012e     0x4  delay.o [1]
  .bss               zero     0x20000132     0x2  errors.o [1]
  .bss               zero     0x20000134     0x4  rtms.o [1]
  .bss               zero     0x20000138     0x4  rtms.o [1]
  .bss               zero     0x2000013c     0x4  rtms.o [1]
  .bss               zero     0x20000140     0x4  rtms.o [1]
  .bss               zero     0x20000144     0x1  HD44780.o [1]
  .bss               zero     0x20000145     0x1  HD44780.o [1]
  .bss               zero     0x20000146     0x1  HD44780.o [1]
  .bss               zero     0x20000147     0x1  HD44780.o [1]
  .bss               zero     0x20000148     0x1  HD44780.o [1]
  .bss               zero     0x20000149     0x1  HD44780.o [1]
  .bss               zero     0x2000014a     0x1  rtms.o [1]
  .bss               zero     0x2000014b     0x1  stm32f0xx_it.o [1]
                            - 0x2000014c    0x70

"P3":                                      0x400
  CSTACK                      0x20001c00   0x400  <Block>
    CSTACK           uninit   0x20001c00   0x400  <Block tail>
                            - 0x20002000   0x400


*******************************************************************************
*** INIT TABLE
***

          Address     Size
          -------     ----
Zero (__iar_zero_init3)
    1 destination range, total size 0x70:
          0x200000dc  0x70

Copy/packbits (__iar_packbits_init_single3)
    1 source range, total size 0x43 (30% of destination):
          0x08001e4e  0x43
    1 destination range, total size 0xda:
          0x20000000  0xda


*******************************************************************************
*** STACK USAGE
***

  Call Graph Root Category  Max Use  Total Use
  ------------------------  -------  ---------
  Program entry                144        144
  Uncalled function             28         64


Program entry
  "__iar_program_start": 0x08001e21

  Maximum call chain                              144  bytes

    "__iar_program_start"                           0
    "__cmain"                                       0
    "main"                                         24
    "Config"                                        8
    "Config_ADC1_DMA"                              96
    "NVIC_Init"                                    16

Uncalled function
  "DMA1_Channel1_IRQHandler": 0x080018dd

  Maximum call chain                               28  bytes

    "DMA1_Channel1_IRQHandler"                     20
    "__aeabi_idiv"                                  0
    "__aeabi_uidiv"                                 8
    "__aeabi_idiv0"                                 0

Uncalled function
  "HardFault_Handler": 0x080019b1

  Maximum call chain                                0  bytes

    "HardFault_Handler"                             0

Uncalled function
  "NMI_Handler": 0x080019af

  Maximum call chain                                0  bytes

    "NMI_Handler"                                   0

Uncalled function
  "PendSV_Handler": 0x080019b5

  Maximum call chain                                0  bytes

    "PendSV_Handler"                                0

Uncalled function
  "SVC_Handler": 0x080019b3

  Maximum call chain                                0  bytes

    "SVC_Handler"                                   0

Uncalled function
  "SysTick_Handler": 0x080019b7

  Maximum call chain                                0  bytes

    "SysTick_Handler"                               0

Uncalled function
  "TIM17_IRQHandler": 0x08001c75

  Maximum call chain                                8  bytes

    "TIM17_IRQHandler"                              8

Uncalled function
  "TIM2_IRQHandler": 0x080019ad

  Maximum call chain                                0  bytes

    "TIM2_IRQHandler"                               0

Uncalled function
  "TIM3_IRQHandler": 0x080019b9

  Maximum call chain                               20  bytes

    "TIM3_IRQHandler"                              20

Uncalled function
  "USART1_IRQHandler": 0x08001cf5

  Maximum call chain                                0  bytes

    "USART1_IRQHandler"                             0

Uncalled function
  "SystemInit": 0x08000b85

  Maximum call chain                                8  bytes

    "SystemInit"                                    8


*******************************************************************************
*** MODULE SUMMARY
***

    Module                  ro code  ro data  rw data
    ------                  -------  -------  -------
D:\Work\Bitbucket\ProgrammableLoad_SW\IAR_EW6.7\EWARM\TIM_TimeBase\Obj: [1]
    HD44780.o                   992        7       30
    config.o                  1 100
    delay.o                      84                10
    errors.o                     73                 2
    main.o                    1 360       43       88
    pid.o                       184                32
    rtms.o                       96        9       45
    stackusage.o                 84                12
    startup_stm32f0xx.o         312
    stm32f0xx_adc.o             272
    stm32f0xx_dac.o              80
    stm32f0xx_dma.o             200
    stm32f0xx_gpio.o            106
    stm32f0xx_it.o            1 050       14       79
    stm32f0xx_misc.o             84
    stm32f0xx_rcc.o              96
    stm32f0xx_tim.o             188
    system_stm32f0xx.o          340        6       20
    timeout.o                    28        4       12
    -------------------------------------------------
    Total:                    6 729       83      330

command line: [2]
    -------------------------------------------------
    Total:

dl6M_tln.a: [3]
    exit.o                        8
    low_level_init.o              4
    -------------------------------------------------
    Total:                       12

m6M_tl.a: [4]
    DblMul.o                    388
    DblToI32.o                   78
    I32ToDbl.o                   48
    -------------------------------------------------
    Total:                      514

rt6M_tl.a: [5]
    I32DivModFast.o             224
    IntDivZer.o                   2
    cexit.o                      10
    cmain.o                      26
    cstartup_M.o                 12
    data_init.o                  40
    packbits_init_single.o       60
    zero_init3.o                 60
    -------------------------------------------------
    Total:                      434

shb_l.a: [6]
    exit.o                       20
    -------------------------------------------------
    Total:                       20

    Gaps                          1
    Linker created                        32    1 024
-----------------------------------------------------
    Grand Total:              7 710      115    1 354


*******************************************************************************
*** ENTRY LIST
***

Entry                      Address   Size  Type      Object
-----                      -------   ----  ----      ------
.iar.init_table$$Base   0x08001d98          --   Gb  - Linker created -
.iar.init_table$$Limit  0x08001db8          --   Gb  - Linker created -
?main                   0x08001db9         Code  Gb  cmain.o [5]
ADC_ChannelConfig       0x08001509    0xa  Code  Gb  stm32f0xx_adc.o [1]
ADC_Cmd                 0x080014df   0x12  Code  Gb  stm32f0xx_adc.o [1]
ADC_Conv_Tab            0x20000108    0x8  Data  Gb  stm32f0xx_it.o [1]
ADC_Conv_Tab_Avg        0x20000100    0x8  Data  Gb  stm32f0xx_it.o [1]
ADC_Conv_Tab_Avg_Acc    0x20000110    0xc  Data  Gb  stm32f0xx_it.o [1]
ADC_DMACmd              0x08001545   0x16  Code  Gb  stm32f0xx_adc.o [1]
ADC_DMARequestModeConfig
                        0x0800155b   0x10  Code  Gb  stm32f0xx_adc.o [1]
ADC_DeInit              0x0800148d   0x1e  Code  Gb  stm32f0xx_adc.o [1]
ADC_GetCalibrationFactor
                        0x08001513   0x28  Code  Gb  stm32f0xx_adc.o [1]
ADC_GetFlagStatus       0x0800156b   0x1a  Code  Gb  stm32f0xx_adc.o [1]
ADC_Init                0x080014ab   0x24  Code  Gb  stm32f0xx_adc.o [1]
ADC_StartOfConversion   0x0800153b    0xa  Code  Gb  stm32f0xx_adc.o [1]
ADC_StructInit          0x080014cf   0x10  Code  Gb  stm32f0xx_adc.o [1]
ADC_VrefintCmd          0x080014f1   0x18  Code  Gb  stm32f0xx_adc.o [1]
AHBPrescTable           0x2000008c   0x10  Data  Gb  system_stm32f0xx.o [1]
BTN_DEC_DEB_STATE       0x200000ac    0x1  Data  Gb  stm32f0xx_it.o [1]
BTN_DEC_DELAY_FLAG      0x200000b1    0x1  Data  Gb  stm32f0xx_it.o [1]
BTN_DEC_press_timer     0x200000c6    0x2  Data  Gb  stm32f0xx_it.o [1]
BTN_INC_DEB_STATE       0x200000a9    0x1  Data  Gb  stm32f0xx_it.o [1]
BTN_INC_DELAY_FLAG      0x200000b0    0x1  Data  Gb  stm32f0xx_it.o [1]
BTN_INC_press_timer     0x200000c2    0x2  Data  Gb  stm32f0xx_it.o [1]
BTN_MODE_DEB_STATE      0x200000af    0x1  Data  Gb  stm32f0xx_it.o [1]
BTN_MODE_DELAY_FLAG     0x200000b2    0x1  Data  Gb  stm32f0xx_it.o [1]
BTN_MODE_press_timer    0x200000ca    0x2  Data  Gb  stm32f0xx_it.o [1]
CSTACK$$Base            0x20001c00          --   Gb  - Linker created -
CSTACK$$Limit           0x20002000          --   Gb  - Linker created -
Config                  0x0800069d   0x2c  Code  Gb  config.o [1]
Config_ADC1_DMA         0x080009c1  0x108  Code  Gb  config.o [1]
Config_DAC              0x08000971   0x2a  Code  Gb  config.o [1]
Config_GPIO             0x080006c9  0x172  Code  Gb  config.o [1]
Config_TIM15            0x080008bd   0x32  Code  Gb  config.o [1]
Config_TIM16            0x080008ef   0x22  Code  Gb  config.o [1]
Config_TIM17            0x08000911   0x5a  Code  Gb  config.o [1]
Config_TIM2             0x0800083b   0x26  Code  Gb  config.o [1]
Config_TIM3             0x08000861   0x4a  Code  Gb  config.o [1]
Convert2String_CPUload  0x08000599   0x2a  Code  Gb  main.o [1]
Convert2String_Current  0x0800049d   0x74  Code  Gb  main.o [1]
Convert2String_MaxStack
                        0x080005eb   0x4a  Code  Gb  main.o [1]
Convert2String_Voltage  0x0800051d   0x74  Code  Gb  main.o [1]
CpuLoad_old             0x20000036    0x2  Data  Gb  main.o [1]
CurrentSenOffset        0x20000054    0x4  Data  Gb  main.o [1]
CurrentSenOffset_acc    0x20000058    0x4  Data  Gb  main.o [1]
DAC_Cmd                 0x08000b03   0x18  Code  Gb  stm32f0xx_dac.o [1]
DAC_Init                0x08000ae9   0x1a  Code  Gb  stm32f0xx_dac.o [1]
DAC_SetChannel1Data     0x08000b1b   0x1a  Code  Gb  stm32f0xx_dac.o [1]
DMA1_Channel1_IRQHandler
                        0x080018dd   0xa8  Code  Gb  stm32f0xx_it.o [1]
DMA_Cmd                 0x0800162d   0x14  Code  Gb  stm32f0xx_dma.o [1]
DMA_DeInit              0x0800159d   0x5a  Code  Gb  stm32f0xx_dma.o [1]
DMA_ITConfig            0x08001641   0x12  Code  Gb  stm32f0xx_dma.o [1]
DMA_Init                0x080015f7   0x36  Code  Gb  stm32f0xx_dma.o [1]
Errors_Init             0x08000b39    0xa  Code  Gb  errors.o [1]
Errors_ResetError       0x08000b63   0x18  Code  Gb  errors.o [1]
Errors_SetError         0x08000b45   0x1e  Code  Gb  errors.o [1]
FLAG_1000ms             0x200000a6    0x1  Data  Gb  stm32f0xx_it.o [1]
FLAG_100ms              0x200000a2    0x1  Data  Gb  stm32f0xx_it.o [1]
FLAG_10ms               0x200000a0    0x1  Data  Gb  stm32f0xx_it.o [1]
FLAG_250ms              0x200000a4    0x1  Data  Gb  stm32f0xx_it.o [1]
FLAG_500ms              0x200000a5    0x1  Data  Gb  stm32f0xx_it.o [1]
FLAG_ADC_NewData        0x200000fd    0x1  Data  Gb  stm32f0xx_it.o [1]
FLAG_PID_500us          0x2000014b    0x1  Data  Gb  stm32f0xx_it.o [1]
GPIO_Init               0x08001311   0x6a  Code  Gb  stm32f0xx_gpio.o [1]
HardFault_Handler       0x080019b1    0x2  Code  Gb  stm32f0xx_it.o [1]
ImA                     0x20000048    0x4  Data  Lc  main.o [1]
ImA_old                 0x2000004c    0x4  Data  Lc  main.o [1]
LCD_Clear               0x08000fd9   0x3c  Code  Gb  HD44780.o [1]
LCD_Clock               0x08000cd9   0x34  Code  Gb  HD44780.o [1]
LCD_GoTo                0x08001063   0x3e  Code  Gb  HD44780.o [1]
LCD_Home                0x08001021   0x3a  Code  Gb  HD44780.o [1]
LCD_Initialize          0x08000e11  0x126  Code  Gb  HD44780.o [1]
LCD_UPDATE_LIMIT_FLAG   0x200000b3    0x1  Data  Gb  stm32f0xx_it.o [1]
LCD_Update              0x2000002c    0x1  Data  Gb  main.o [1]
LCD_Write               0x08000d0d  0x104  Code  Gb  HD44780.o [1]
LCD_WriteString         0x08000f5d   0x7c  Code  Gb  HD44780.o [1]
MaxStackUsage           0x2000011c    0x1  Data  Lc  stackusage.o [1]
MaxStackUsage_old       0x20000030    0x1  Data  Gb  main.o [1]
NMI_Handler             0x080019af    0x2  Code  Gb  stm32f0xx_it.o [1]
NVIC_Init               0x0800137d   0x48  Code  Gb  stm32f0xx_misc.o [1]
PID_Update              0x080011f9   0x9c  Code  Gb  pid.o [1]
PendSV_Handler          0x080019b5    0x2  Code  Gb  stm32f0xx_it.o [1]
PowermW_old             0x20000050    0x4  Data  Lc  main.o [1]
RCC_AHBPeriphClockCmd   0x080012b1   0x14  Code  Gb  stm32f0xx_rcc.o [1]
RCC_APB1PeriphClockCmd  0x080012d9   0x14  Code  Gb  stm32f0xx_rcc.o [1]
RCC_APB2PeriphClockCmd  0x080012c5   0x14  Code  Gb  stm32f0xx_rcc.o [1]
RCC_APB2PeriphResetCmd  0x080012ed   0x14  Code  Gb  stm32f0xx_rcc.o [1]
RTMS_CpuLoadCalculation
                        0x080010b9   0x50  Code  Gb  rtms.o [1]
RTMS_GetCpuLoadCurrent  0x08001109    0x6  Code  Gb  rtms.o [1]
Region$$Table$$Base     0x08001d98          --   Gb  - Linker created -
Region$$Table$$Limit    0x08001db8          --   Gb  - Linker created -
Requested_Current       0x20000038    0x2  Data  Lc  main.o [1]
Requested_Current_old   0x2000003a    0x2  Data  Lc  main.o [1]
RunningTask             0x2000014a    0x1  Data  Gb  rtms.o [1]
SVC_Handler             0x080019b3    0x2  Code  Gb  stm32f0xx_it.o [1]
StackAddresBottom       0x20000124    0x4  Data  Lc  stackusage.o [1]
StackAddressTop         0x20000120    0x4  Data  Lc  stackusage.o [1]
StackUsage_CalcMaxUsage
                        0x0800065b   0x2e  Code  Gb  stackusage.o [1]
StackUsage_GetMaxStackUsage
                        0x08000689    0x6  Code  Gb  stackusage.o [1]
StackUsage_Init         0x08000649   0x12  Code  Gb  stackusage.o [1]
SysTick_Handler         0x080019b7    0x2  Code  Gb  stm32f0xx_it.o [1]
SystemCoreClock         0x2000009c    0x4  Data  Gb  system_stm32f0xx.o [1]
SystemCoreClockUpdate   0x08000c5d   0x50  Code  Gb  system_stm32f0xx.o [1]
SystemInit              0x08000b85   0xd8  Code  Gb  system_stm32f0xx.o [1]
TIM17_IRQHandler        0x08001c75   0x40  Code  Gb  stm32f0xx_it.o [1]
TIM2_IRQHandler         0x080019ad    0x2  Code  Gb  stm32f0xx_it.o [1]
TIM3_IRQHandler         0x080019b9  0x29c  Code  Gb  stm32f0xx_it.o [1]
TIM_ClearITPendingBit   0x08001473    0x6  Code  Gb  stm32f0xx_tim.o [1]
TIM_Cmd                 0x08001429   0x14  Code  Gb  stm32f0xx_tim.o [1]
TIM_ITConfig            0x08001461   0x12  Code  Gb  stm32f0xx_tim.o [1]
TIM_SelectOutputTrigger
                        0x08001479   0x10  Code  Gb  stm32f0xx_tim.o [1]
TIM_TimeBaseInit        0x080013d1   0x58  Code  Gb  stm32f0xx_tim.o [1]
Timeout_IsTimeout1      0x08001669    0x6  Code  Gb  timeout.o [1]
Timeout_SetTimeout1     0x08001665    0x4  Code  Gb  timeout.o [1]
Timeout_istout1         0x200000ce    0x1  Data  Gb  timeout.o [1]
Timeout_istout2         0x200000d4    0x1  Data  Gb  timeout.o [1]
Timeout_tout1           0x200000d2    0x2  Data  Gb  timeout.o [1]
Timeout_tout2           0x200000d8    0x2  Data  Gb  timeout.o [1]
Timeout_toutcnt1        0x200000d0    0x2  Data  Gb  timeout.o [1]
Timeout_toutcnt2        0x200000d6    0x2  Data  Gb  timeout.o [1]
USART1_IRQHandler       0x08001cf5    0x2  Code  Gb  stm32f0xx_it.o [1]
UmV                     0x20000040    0x4  Data  Lc  main.o [1]
UmV_old                 0x20000044    0x4  Data  Lc  main.o [1]
VrefINT_CAL             0x20000034    0x2  Data  Gb  main.o [1]
_D                      0x200000e4    0x4  Data  Gb  pid.o [1]
_I                      0x200000e0    0x4  Data  Gb  pid.o [1]
_P                      0x200000dc    0x4  Data  Gb  pid.o [1]
__ICFEDIT_region_RAM_end__ {Abs}
                        0x20001fff         Data  Gb  command line/config [2]
__ICFEDIT_region_RAM_start__ {Abs}
                        0x20000000         Data  Gb  command line/config [2]
__ICFEDIT_size_cstack__ {Abs}
                        0x00000400         Data  Gb  command line/config [2]
__ICFEDIT_size_heap__ {Abs}
                        0x00000200         Data  Gb  command line/config [2]
__aeabi_d2iz            0x0800188d         Code  Gb  DblToI32.o [4]
__aeabi_dmul            0x08001709         Code  Gb  DblMul.o [4]
__aeabi_i2d             0x080016d9         Code  Gb  I32ToDbl.o [4]
__aeabi_idiv            0x08001145         Code  Gb  I32DivModFast.o [5]
__aeabi_idiv0           0x080016d5         Code  Gb  IntDivZer.o [5]
__aeabi_idivmod         0x08001145         Code  Gb  I32DivModFast.o [5]
__aeabi_uidiv           0x0800114b         Code  Gb  I32DivModFast.o [5]
__aeabi_uidivmod        0x0800114b         Code  Gb  I32DivModFast.o [5]
__cmain                 0x08001db9         Code  Gb  cmain.o [5]
__debug                 0x20000031    0x1  Data  Gb  main.o [1]
__exit                  0x08001ded   0x14  Code  Gb  exit.o [6]
__iar_d2uiz             0x080018b1         Code  Gb  DblToI32.o [4]
__iar_data_init3        0x08001d71   0x28  Code  Gb  data_init.o [5]
__iar_packbits_init_single3
                        0x08001d33   0x3c  Code  Gb  packbits_init_single.o [5]
__iar_program_start     0x08001e21         Code  Gb  cstartup_M.o [5]
__iar_ui2d              0x080016ed         Code  Gb  I32ToDbl.o [4]
__iar_zero_init3        0x08001cf7   0x3c  Code  Gb  zero_init3.o [5]
__low_level_init        0x08001dd3    0x4  Code  Gb  low_level_init.o [3]
__vector_table          0x08000000         Data  Gb  startup_stm32f0xx.o [1]
_call_main              0x08001dc5         Code  Gb  cmain.o [5]
_exit                   0x08001de1         Code  Gb  cexit.o [5]
_lcd_string             0x20000004   0x14  Data  Lc  HD44780.o [1]
_main                   0x08001dcf         Code  Gb  cmain.o [5]
_out                    0x200000ec    0x4  Data  Gb  pid.o [1]
_pid                    0x200000e8    0x4  Data  Gb  pid.o [1]
adc_samp_avg_cnt        0x200000fc    0x1  Data  Gb  stm32f0xx_it.o [1]
btn_dec_0_cnt           0x200000aa    0x1  Data  Gb  stm32f0xx_it.o [1]
btn_dec_1_cnt           0x200000ab    0x1  Data  Gb  stm32f0xx_it.o [1]
btn_dec_delay           0x200000bc    0x2  Data  Lc  stm32f0xx_it.o [1]
btn_dec_delay_cnt       0x200000c4    0x2  Data  Gb  stm32f0xx_it.o [1]
btn_inc_0_cnt           0x200000a7    0x1  Data  Gb  stm32f0xx_it.o [1]
btn_inc_1_cnt           0x200000a8    0x1  Data  Gb  stm32f0xx_it.o [1]
btn_inc_delay           0x200000ba    0x2  Data  Lc  stm32f0xx_it.o [1]
btn_inc_delay_cnt       0x200000c0    0x2  Data  Gb  stm32f0xx_it.o [1]
btn_mode_0_cnt          0x200000ad    0x1  Data  Gb  stm32f0xx_it.o [1]
btn_mode_1_cnt          0x200000ae    0x1  Data  Gb  stm32f0xx_it.o [1]
btn_mode_delay          0x200000be    0x2  Data  Lc  stm32f0xx_it.o [1]
btn_mode_delay_cnt      0x200000c8    0x2  Data  Gb  stm32f0xx_it.o [1]
cnt_LCD_WriteString     0x20000001    0x1  Data  Lc  HD44780.o [1]
cnt_RdCurrentSenOffset  0x20000032    0x1  Data  Gb  main.o [1]
cnt_discardADC          0x20000033    0x1  Data  Gb  main.o [1]
cnt_flag_1000ms         0x200000b8    0x2  Data  Gb  stm32f0xx_it.o [1]
cnt_flag_100ms          0x200000a3    0x1  Data  Gb  stm32f0xx_it.o [1]
cnt_flag_10ms           0x200000a1    0x1  Data  Gb  stm32f0xx_it.o [1]
cnt_flag_250ms          0x200000b4    0x2  Data  Gb  stm32f0xx_it.o [1]
cnt_flag_500ms          0x200000b6    0x2  Data  Gb  stm32f0xx_it.o [1]
cpuload                 0x20000070    0x2  Data  Lc  rtms.o [1]
cpuload_int             0x20000088    0x4  Data  Gb  rtms.o [1]
cpuload_max             0x20000074    0x2  Data  Lc  rtms.o [1]
cpuload_min             0x20000072    0x2  Data  Lc  rtms.o [1]
cpuload_task            0x2000007c    0x4  Data  Gb  rtms.o [1]
delay_us                0x08001681   0x1a  Code  Gb  delay.o [1]
delay_us_nonblocking1   0x0800169b   0x26  Code  Gb  delay.o [1]
derivative              0x200000f4    0x4  Data  Gb  pid.o [1]
end_int                 0x20000140    0x4  Data  Gb  rtms.o [1]
end_task                0x20000138    0x4  Data  Gb  rtms.o [1]
error_cnt               0x20000132    0x1  Data  Lc  errors.o [1]
error_cnt_thr           0x08000b80    0x1  Data  Lc  errors.o [1]
error_old               0x200000f8    0x4  Data  Gb  pid.o [1]
error_state             0x20000133    0x1  Data  Lc  errors.o [1]
exit                    0x08001dd7    0x8  Code  Gb  exit.o [3]
flag_LCD_Update_row1    0x2000002d    0x1  Data  Gb  main.o [1]
flag_LCD_Update_row2    0x2000002e    0x1  Data  Gb  main.o [1]
integral                0x200000f0    0x4  Data  Gb  pid.o [1]
lcd_row1                0x20000018   0x14  Data  Lc  main.o [1]
lcd_row2                0x2000005c   0x14  Data  Lc  main.o [1]
lcd_update_limit_delay_cnt
                        0x200000cc    0x2  Data  Gb  stm32f0xx_it.o [1]
main                    0x080000f9  0x36c  Code  Gb  main.o [1]
ptr_VREFINT_CAL         0x2000003c    0x4  Data  Gb  main.o [1]
start_int               0x2000013c    0x4  Data  Gb  rtms.o [1]
start_task              0x20000134    0x4  Data  Gb  rtms.o [1]
step_Background_Task    0x2000002f    0x1  Data  Lc  main.o [1]
step_LCD_Clear          0x20000148    0x1  Data  Lc  HD44780.o [1]
step_LCD_Clock          0x20000147    0x1  Data  Lc  HD44780.o [1]
step_LCD_GoTo           0x20000146    0x1  Data  Lc  HD44780.o [1]
step_LCD_Home           0x20000145    0x1  Data  Lc  HD44780.o [1]
step_LCD_Initialize     0x20000144    0x1  Data  Lc  HD44780.o [1]
step_LCD_Write          0x20000149    0x1  Data  Lc  HD44780.o [1]
step_LCD_WriteString    0x20000000    0x1  Data  Lc  HD44780.o [1]
timer_delta             0x20000130    0x2  Data  Lc  delay.o [1]
timer_tstamp            0x2000012e    0x2  Data  Lc  delay.o [1]
timernonblock_delta1    0x2000012c    0x2  Data  Lc  delay.o [1]
timernonblock_step1     0x20000128    0x1  Data  Lc  delay.o [1]
timernonblock_tstamp1   0x2000012a    0x2  Data  Lc  delay.o [1]
total_int               0x20000080    0x4  Data  Gb  rtms.o [1]
total_int_intask        0x20000084    0x4  Data  Gb  rtms.o [1]
total_task              0x20000078    0x4  Data  Gb  rtms.o [1]


[1] = D:\Work\Bitbucket\ProgrammableLoad_SW\IAR_EW6.7\EWARM\TIM_TimeBase\Obj
[2] = command line
[3] = dl6M_tln.a
[4] = m6M_tl.a
[5] = rt6M_tl.a
[6] = shb_l.a

  7 710 bytes of readonly  code memory
    115 bytes of readonly  data memory
  1 354 bytes of readwrite data memory

Errors: none
Warnings: 1
