###############################################################################
#
# IAR ELF Linker V7.70.2.11706/W32 for ARM                03/Jan/2017  17:46:54
# Copyright 2007-2016 IAR Systems AB.
#
#    Output file  =  
#        D:\Work\Bitbucket\ProgrammableLoad_SW\IAR_EW6.7\EWARM\TIM_TimeBase\Exe\TIM_TimeBase.out
#    Map file     =  
#        D:\Work\Bitbucket\ProgrammableLoad_SW\IAR_EW6.7\EWARM\TIM_TimeBase\List\TIM_TimeBase.map
#    Command line =  
#        D:\Work\Bitbucket\ProgrammableLoad_SW\IAR_EW6.7\EWARM\TIM_TimeBase\Obj\config.o
#        D:\Work\Bitbucket\ProgrammableLoad_SW\IAR_EW6.7\EWARM\TIM_TimeBase\Obj\delay.o
#        D:\Work\Bitbucket\ProgrammableLoad_SW\IAR_EW6.7\EWARM\TIM_TimeBase\Obj\errors.o
#        D:\Work\Bitbucket\ProgrammableLoad_SW\IAR_EW6.7\EWARM\TIM_TimeBase\Obj\HD44780.o
#        D:\Work\Bitbucket\ProgrammableLoad_SW\IAR_EW6.7\EWARM\TIM_TimeBase\Obj\main.o
#        D:\Work\Bitbucket\ProgrammableLoad_SW\IAR_EW6.7\EWARM\TIM_TimeBase\Obj\startup_stm32f0xx.o
#        D:\Work\Bitbucket\ProgrammableLoad_SW\IAR_EW6.7\EWARM\TIM_TimeBase\Obj\stm32f0_discovery.o
#        D:\Work\Bitbucket\ProgrammableLoad_SW\IAR_EW6.7\EWARM\TIM_TimeBase\Obj\stm32f0xx_adc.o
#        D:\Work\Bitbucket\ProgrammableLoad_SW\IAR_EW6.7\EWARM\TIM_TimeBase\Obj\stm32f0xx_dac.o
#        D:\Work\Bitbucket\ProgrammableLoad_SW\IAR_EW6.7\EWARM\TIM_TimeBase\Obj\stm32f0xx_dma.o
#        D:\Work\Bitbucket\ProgrammableLoad_SW\IAR_EW6.7\EWARM\TIM_TimeBase\Obj\stm32f0xx_exti.o
#        D:\Work\Bitbucket\ProgrammableLoad_SW\IAR_EW6.7\EWARM\TIM_TimeBase\Obj\stm32f0xx_flash.o
#        D:\Work\Bitbucket\ProgrammableLoad_SW\IAR_EW6.7\EWARM\TIM_TimeBase\Obj\stm32f0xx_gpio.o
#        D:\Work\Bitbucket\ProgrammableLoad_SW\IAR_EW6.7\EWARM\TIM_TimeBase\Obj\stm32f0xx_it.o
#        D:\Work\Bitbucket\ProgrammableLoad_SW\IAR_EW6.7\EWARM\TIM_TimeBase\Obj\stm32f0xx_misc.o
#        D:\Work\Bitbucket\ProgrammableLoad_SW\IAR_EW6.7\EWARM\TIM_TimeBase\Obj\stm32f0xx_pwr.o
#        D:\Work\Bitbucket\ProgrammableLoad_SW\IAR_EW6.7\EWARM\TIM_TimeBase\Obj\stm32f0xx_rcc.o
#        D:\Work\Bitbucket\ProgrammableLoad_SW\IAR_EW6.7\EWARM\TIM_TimeBase\Obj\stm32f0xx_syscfg.o
#        D:\Work\Bitbucket\ProgrammableLoad_SW\IAR_EW6.7\EWARM\TIM_TimeBase\Obj\stm32f0xx_tim.o
#        D:\Work\Bitbucket\ProgrammableLoad_SW\IAR_EW6.7\EWARM\TIM_TimeBase\Obj\stm32f0xx_usart.o
#        D:\Work\Bitbucket\ProgrammableLoad_SW\IAR_EW6.7\EWARM\TIM_TimeBase\Obj\string.o
#        D:\Work\Bitbucket\ProgrammableLoad_SW\IAR_EW6.7\EWARM\TIM_TimeBase\Obj\system_stm32f0xx.o
#        D:\Work\Bitbucket\ProgrammableLoad_SW\IAR_EW6.7\EWARM\TIM_TimeBase\Obj\timeout.o
#        --redirect _Printf=_PrintfSmall --redirect _Scanf=_ScanfSmall -o
#        D:\Work\Bitbucket\ProgrammableLoad_SW\IAR_EW6.7\EWARM\TIM_TimeBase\Exe\TIM_TimeBase.out
#        --map
#        D:\Work\Bitbucket\ProgrammableLoad_SW\IAR_EW6.7\EWARM\TIM_TimeBase\List\TIM_TimeBase.map
#        --config
#        D:\Work\Bitbucket\ProgrammableLoad_SW\IAR_EW6.7\EWARM\stm32f0xx_flash.icf
#        --semihosting --entry __iar_program_start --vfe --enable_stack_usage
#
###############################################################################

*******************************************************************************
*** MESSAGES
***

Warning[Ls015]: [stack usage analysis] at least one function appears to be
          uncalled. Example: "DMA1_Channel1_IRQHandler". A complete list of
          uncalled functions is in the map file.


*******************************************************************************
*** RUNTIME MODEL ATTRIBUTES
***

CppFlavor       = *
__SystemLibrary = DLib


*******************************************************************************
*** PLACEMENT SUMMARY
***

"A0":  place at 0x08000000 { ro section .intvec };
"P1":  place in [from 0x08000000 to 0x0800ffff] { ro };
"P2":  place in [from 0x20000000 to 0x20001fff] { rw, block CSTACK, block HEAP };
initialize by copy { rw };

  Section            Kind        Address    Size  Object
  -------            ----        -------    ----  ------
"A0":                                       0xc0
  .intvec            ro code  0x08000000    0xc0  startup_stm32f0xx.o [1]
                            - 0x080000c0    0xc0

"P1":                                     0x15c6
  .text              ro code  0x080000c0   0x430  main.o [1]
  .text              ro code  0x080004f0   0x378  config.o [1]
  .text              ro code  0x08000868    0x49  errors.o [1]
  .text              ro code  0x080008b2     0x2  startup_stm32f0xx.o [1]
  .text              ro code  0x080008b4   0x154  system_stm32f0xx.o [1]
  .text              ro code  0x08000a08   0x2e4  HD44780.o [1]
  .text              ro code  0x08000cec    0xe0  I32DivModFast.o [4]
  .text              ro code  0x08000dcc    0x50  stm32f0xx_dac.o [1]
  .text              ro code  0x08000e1c    0x60  stm32f0xx_rcc.o [1]
  .text              ro code  0x08000e7c    0x6a  stm32f0xx_gpio.o [1]
  .text              ro code  0x08000ee6     0x2  startup_stm32f0xx.o [1]
  .text              ro code  0x08000ee8    0x54  stm32f0xx_misc.o [1]
  .text              ro code  0x08000f3c    0xd0  stm32f0xx_tim.o [1]
  .text              ro code  0x0800100c   0x110  stm32f0xx_adc.o [1]
  .text              ro code  0x0800111c    0xc8  stm32f0xx_dma.o [1]
  .text              ro code  0x080011e4    0x1c  timeout.o [1]
  .text              ro code  0x08001200    0x44  delay.o [1]
  .text              ro code  0x08001244     0x2  IntDivZer.o [4]
  .text              ro code  0x08001246     0x2  startup_stm32f0xx.o [1]
  .text              ro code  0x08001248   0x2fe  stm32f0xx_it.o [1]
  .text              ro code  0x08001546    0x3c  packbits_init_single.o [4]
  .text              ro code  0x08001582     0x2  startup_stm32f0xx.o [1]
  .text              ro code  0x08001584    0x28  data_init.o [4]
  .iar.init_table    const    0x080015ac    0x10  - Linker created -
  .text              ro code  0x080015bc    0x1a  cmain.o [4]
  .text              ro code  0x080015d6     0x4  low_level_init.o [3]
  .text              ro code  0x080015da     0x8  exit.o [3]
  .text              ro code  0x080015e2     0x2  startup_stm32f0xx.o [1]
  .text              ro code  0x080015e4     0xa  cexit.o [4]
  .text              ro code  0x080015ee     0x2  startup_stm32f0xx.o [1]
  .text              ro code  0x080015f0    0x14  exit.o [5]
  .text              ro code  0x08001604    0x10  startup_stm32f0xx.o [1]
  .text              ro code  0x08001614     0xc  cstartup_M.o [4]
  .text              ro code  0x08001620     0x2  startup_stm32f0xx.o [1]
  .text              ro code  0x08001622     0x2  startup_stm32f0xx.o [1]
  .text              ro code  0x08001624     0x2  startup_stm32f0xx.o [1]
  .text              ro code  0x08001626     0x2  startup_stm32f0xx.o [1]
  .text              ro code  0x08001628     0x2  startup_stm32f0xx.o [1]
  .text              ro code  0x0800162a     0x2  startup_stm32f0xx.o [1]
  .text              ro code  0x0800162c     0x2  startup_stm32f0xx.o [1]
  .text              ro code  0x0800162e     0x2  startup_stm32f0xx.o [1]
  .text              ro code  0x08001630     0x2  startup_stm32f0xx.o [1]
  .text              ro code  0x08001632     0x2  startup_stm32f0xx.o [1]
  .text              ro code  0x08001634     0x2  startup_stm32f0xx.o [1]
  .text              ro code  0x08001636     0x2  startup_stm32f0xx.o [1]
  .text              ro code  0x08001638     0x2  startup_stm32f0xx.o [1]
  .text              ro code  0x0800163a     0x2  startup_stm32f0xx.o [1]
  .text              ro code  0x0800163c     0x2  startup_stm32f0xx.o [1]
  .text              ro code  0x0800163e     0x2  startup_stm32f0xx.o [1]
  .text              ro code  0x08001640     0x2  startup_stm32f0xx.o [1]
  .text              ro code  0x08001642     0x2  startup_stm32f0xx.o [1]
  .text              ro code  0x08001644     0x2  startup_stm32f0xx.o [1]
  .rodata            const    0x08001646     0x0  packbits_init_single.o [4]
  Initializer bytes  const    0x08001646    0x40  <for P2-1>
                            - 0x08001686  0x15c6

"P2", part 1 of 2:                          0xe0
  P2-1                        0x20000000    0xe0  <Init block>
    .data            inited   0x20000000    0x18  HD44780.o [1]
    .data            inited   0x20000018    0x44  main.o [1]
    .data            inited   0x2000005c    0x14  main.o [1]
    .data            inited   0x20000070    0x14  system_stm32f0xx.o [1]
    .bss             inited   0x20000084    0x20  stm32f0xx_it.o [1]
    .data            inited   0x200000a4    0x2c  stm32f0xx_it.o [1]
    .data            inited   0x200000d0     0x6  timeout.o [1]
    .data            inited   0x200000d6     0x6  timeout.o [1]
    .bss             inited   0x200000dc     0x2  errors.o [1]
    .bss             inited   0x200000de     0x1  HD44780.o [1]
    .bss             inited   0x200000df     0x1  HD44780.o [1]
                            - 0x200000e0    0xe0

"P2", part 2 of 2:                         0x400
  CSTACK                      0x200000e0   0x400  <Block>
    CSTACK           uninit   0x200000e0   0x400  <Block tail>
                            - 0x200004e0   0x400


*******************************************************************************
*** INIT TABLE
***

          Address     Size
          -------     ----
Copy/packbits (__iar_packbits_init_single3)
    1 source range, total size 0x40 (28% of destination):
          0x08001646  0x40
    1 destination range, total size 0xe0:
          0x20000000  0xe0


*******************************************************************************
*** STACK USAGE
***

  Call Graph Root Category  Max Use  Total Use
  ------------------------  -------  ---------
  Program entry                144        144
  Uncalled function             24         48


Program entry
  "__iar_program_start": 0x08001615

  Maximum call chain                              144  bytes

    "__iar_program_start"                           0
    "__cmain"                                       0
    "main"                                         24
    "Config"                                        8
    "Config_ADC1_DMA"                              96
    "NVIC_Init"                                    16

Uncalled function
  "DMA1_Channel1_IRQHandler": 0x08001249

  Maximum call chain                               16  bytes

    "DMA1_Channel1_IRQHandler"                     16

Uncalled function
  "HardFault_Handler": 0x080012a9

  Maximum call chain                                0  bytes

    "HardFault_Handler"                             0

Uncalled function
  "NMI_Handler": 0x080012a7

  Maximum call chain                                0  bytes

    "NMI_Handler"                                   0

Uncalled function
  "PendSV_Handler": 0x080012ad

  Maximum call chain                                0  bytes

    "PendSV_Handler"                                0

Uncalled function
  "SVC_Handler": 0x080012ab

  Maximum call chain                                0  bytes

    "SVC_Handler"                                   0

Uncalled function
  "SysTick_Handler": 0x080012af

  Maximum call chain                                0  bytes

    "SysTick_Handler"                               0

Uncalled function
  "TIM2_IRQHandler": 0x080012a5

  Maximum call chain                                0  bytes

    "TIM2_IRQHandler"                               0

Uncalled function
  "TIM3_IRQHandler": 0x080012b1

  Maximum call chain                               24  bytes

    "TIM3_IRQHandler"                              24
    "TIM_ClearITPendingBit"                         0

Uncalled function
  "USART1_IRQHandler": 0x08001545

  Maximum call chain                                0  bytes

    "USART1_IRQHandler"                             0

Uncalled function
  "SystemInit": 0x080008b5

  Maximum call chain                                8  bytes

    "SystemInit"                                    8


*******************************************************************************
*** MODULE SUMMARY
***

    Module                  ro code  ro data  rw data
    ------                  -------  -------  -------
D:\Work\Bitbucket\ProgrammableLoad_SW\IAR_EW6.7\EWARM\TIM_TimeBase\Obj: [1]
    HD44780.o                   740        7       26
    config.o                    888
    delay.o                      68
    errors.o                     73        1        2
    main.o                    1 072       26       88
    startup_stm32f0xx.o         258
    stm32f0xx_adc.o             272
    stm32f0xx_dac.o              80
    stm32f0xx_dma.o             200
    stm32f0xx_gpio.o            106
    stm32f0xx_it.o              766       22       76
    stm32f0xx_misc.o             84
    stm32f0xx_rcc.o              96
    stm32f0xx_tim.o             208
    system_stm32f0xx.o          340        5       20
    timeout.o                    28        3       12
    -------------------------------------------------
    Total:                    5 279       64      224

command line: [2]
    -------------------------------------------------
    Total:

dl6M_tln.a: [3]
    exit.o                        8
    low_level_init.o              4
    -------------------------------------------------
    Total:                       12

rt6M_tl.a: [4]
    I32DivModFast.o             224
    IntDivZer.o                   2
    cexit.o                      10
    cmain.o                      26
    cstartup_M.o                 12
    data_init.o                  40
    packbits_init_single.o       60
    -------------------------------------------------
    Total:                      374

shb_l.a: [5]
    exit.o                       20
    -------------------------------------------------
    Total:                       20

    Gaps                          1
    Linker created                        16    1 024
-----------------------------------------------------
    Grand Total:              5 686       80    1 248


*******************************************************************************
*** ENTRY LIST
***

Entry                      Address   Size  Type      Object
-----                      -------   ----  ----      ------
.iar.init_table$$Base   0x080015ac          --   Gb  - Linker created -
.iar.init_table$$Limit  0x080015bc          --   Gb  - Linker created -
?main                   0x080015bd         Code  Gb  cmain.o [4]
ADC_ChannelConfig       0x08001089    0xa  Code  Gb  stm32f0xx_adc.o [1]
ADC_Cmd                 0x0800105f   0x12  Code  Gb  stm32f0xx_adc.o [1]
ADC_Conv_Tab            0x20000090    0x8  Data  Gb  stm32f0xx_it.o [1]
ADC_Conv_Tab_Avg        0x20000088    0x8  Data  Gb  stm32f0xx_it.o [1]
ADC_Conv_Tab_Avg_Acc    0x20000098    0xc  Data  Gb  stm32f0xx_it.o [1]
ADC_DMACmd              0x080010c5   0x16  Code  Gb  stm32f0xx_adc.o [1]
ADC_DMARequestModeConfig
                        0x080010db   0x10  Code  Gb  stm32f0xx_adc.o [1]
ADC_DeInit              0x0800100d   0x1e  Code  Gb  stm32f0xx_adc.o [1]
ADC_GetCalibrationFactor
                        0x08001093   0x28  Code  Gb  stm32f0xx_adc.o [1]
ADC_GetFlagStatus       0x080010eb   0x1a  Code  Gb  stm32f0xx_adc.o [1]
ADC_Init                0x0800102b   0x24  Code  Gb  stm32f0xx_adc.o [1]
ADC_StartOfConversion   0x080010bb    0xa  Code  Gb  stm32f0xx_adc.o [1]
ADC_StructInit          0x0800104f   0x10  Code  Gb  stm32f0xx_adc.o [1]
ADC_VrefintCmd          0x08001071   0x18  Code  Gb  stm32f0xx_adc.o [1]
AHBPrescTable           0x20000070   0x10  Data  Gb  system_stm32f0xx.o [1]
BTN_DEC_DEB_STATE       0x200000ae    0x1  Data  Gb  stm32f0xx_it.o [1]
BTN_DEC_DELAY_FLAG      0x200000b3    0x1  Data  Gb  stm32f0xx_it.o [1]
BTN_DEC_press_timer     0x200000c8    0x2  Data  Gb  stm32f0xx_it.o [1]
BTN_INC_DEB_STATE       0x200000ab    0x1  Data  Gb  stm32f0xx_it.o [1]
BTN_INC_DELAY_FLAG      0x200000b2    0x1  Data  Gb  stm32f0xx_it.o [1]
BTN_INC_press_timer     0x200000c4    0x2  Data  Gb  stm32f0xx_it.o [1]
BTN_MODE_DEB_STATE      0x200000b1    0x1  Data  Gb  stm32f0xx_it.o [1]
BTN_MODE_DELAY_FLAG     0x200000b4    0x1  Data  Gb  stm32f0xx_it.o [1]
BTN_MODE_press_timer    0x200000cc    0x2  Data  Gb  stm32f0xx_it.o [1]
CSTACK$$Base            0x200000e0          --   Gb  - Linker created -
CSTACK$$Limit           0x200004e0          --   Gb  - Linker created -
Config                  0x080004f1   0x20  Code  Gb  config.o [1]
Config_ADC1_DMA         0x0800073d  0x10a  Code  Gb  config.o [1]
Config_DAC              0x080006f9   0x2a  Code  Gb  config.o [1]
Config_GPIO             0x08000511  0x172  Code  Gb  config.o [1]
Config_TIM15            0x080006cd   0x26  Code  Gb  config.o [1]
Config_TIM3             0x08000683   0x4a  Code  Gb  config.o [1]
Convert2String_Current  0x080002f1   0x74  Code  Gb  main.o [1]
Convert2String_Ireq     0x080003f1   0x4a  Code  Gb  main.o [1]
Convert2String_Power    0x08000449   0x74  Code  Gb  main.o [1]
Convert2String_Voltage  0x08000379   0x74  Code  Gb  main.o [1]
CurrentSenOffset        0x20000054    0x4  Data  Gb  main.o [1]
CurrentSenOffset_acc    0x20000058    0x4  Data  Gb  main.o [1]
DAC_Cmd                 0x08000de7   0x18  Code  Gb  stm32f0xx_dac.o [1]
DAC_Init                0x08000dcd   0x1a  Code  Gb  stm32f0xx_dac.o [1]
DAC_SetChannel1Data     0x08000dff   0x1a  Code  Gb  stm32f0xx_dac.o [1]
DMA1_Channel1_IRQHandler
                        0x08001249   0x54  Code  Gb  stm32f0xx_it.o [1]
DMA_Cmd                 0x080011ad   0x14  Code  Gb  stm32f0xx_dma.o [1]
DMA_DeInit              0x0800111d   0x5a  Code  Gb  stm32f0xx_dma.o [1]
DMA_ITConfig            0x080011c1   0x12  Code  Gb  stm32f0xx_dma.o [1]
DMA_Init                0x08001177   0x36  Code  Gb  stm32f0xx_dma.o [1]
Errors_Init             0x08000869    0xa  Code  Gb  errors.o [1]
Errors_ResetError       0x08000893   0x18  Code  Gb  errors.o [1]
Errors_SetError         0x08000875   0x1e  Code  Gb  errors.o [1]
FLAG_1000ms             0x200000a8    0x1  Data  Gb  stm32f0xx_it.o [1]
FLAG_10ms               0x200000a4    0x1  Data  Gb  stm32f0xx_it.o [1]
FLAG_250ms              0x200000a6    0x1  Data  Gb  stm32f0xx_it.o [1]
FLAG_500ms              0x200000a7    0x1  Data  Gb  stm32f0xx_it.o [1]
FLAG_ADC_NewData        0x20000085    0x1  Data  Gb  stm32f0xx_it.o [1]
FLAG_RdCurrentSenOffset
                        0x2000002f    0x1  Data  Gb  main.o [1]
GPIO_Init               0x08000e7d   0x6a  Code  Gb  stm32f0xx_gpio.o [1]
HardFault_Handler       0x080012a9    0x2  Code  Gb  stm32f0xx_it.o [1]
ImA                     0x20000044    0x4  Data  Lc  main.o [1]
ImA_old                 0x20000048    0x4  Data  Lc  main.o [1]
LCD_Clear               0x08000c05   0x10  Code  Gb  HD44780.o [1]
LCD_Clock               0x08000a09   0x1c  Code  Gb  HD44780.o [1]
LCD_GoTo                0x08000c81   0x4a  Code  Gb  HD44780.o [1]
LCD_Home                0x08000c1d   0x3e  Code  Gb  HD44780.o [1]
LCD_Initialize          0x08000aeb   0xac  Code  Gb  HD44780.o [1]
LCD_UPDATE_LIMIT_FLAG   0x200000b5    0x1  Data  Gb  stm32f0xx_it.o [1]
LCD_Update              0x2000002c    0x1  Data  Gb  main.o [1]
LCD_Write               0x08000a25   0xc6  Code  Gb  HD44780.o [1]
LCD_WriteString         0x08000b97   0x6e  Code  Gb  HD44780.o [1]
NMI_Handler             0x080012a7    0x2  Code  Gb  stm32f0xx_it.o [1]
NVIC_Init               0x08000ee9   0x48  Code  Gb  stm32f0xx_misc.o [1]
PendSV_Handler          0x080012ad    0x2  Code  Gb  stm32f0xx_it.o [1]
PowermW                 0x2000004c    0x4  Data  Lc  main.o [1]
PowermW_old             0x20000050    0x4  Data  Lc  main.o [1]
RCC_AHBPeriphClockCmd   0x08000e1d   0x14  Code  Gb  stm32f0xx_rcc.o [1]
RCC_APB1PeriphClockCmd  0x08000e45   0x14  Code  Gb  stm32f0xx_rcc.o [1]
RCC_APB2PeriphClockCmd  0x08000e31   0x14  Code  Gb  stm32f0xx_rcc.o [1]
RCC_APB2PeriphResetCmd  0x08000e59   0x14  Code  Gb  stm32f0xx_rcc.o [1]
Region$$Table$$Base     0x080015ac          --   Gb  - Linker created -
Region$$Table$$Limit    0x080015bc          --   Gb  - Linker created -
Requested_Current       0x20000032    0x2  Data  Lc  main.o [1]
Requested_Current_old   0x20000034    0x2  Data  Lc  main.o [1]
SVC_Handler             0x080012ab    0x2  Code  Gb  stm32f0xx_it.o [1]
SysTick_Handler         0x080012af    0x2  Code  Gb  stm32f0xx_it.o [1]
SystemCoreClock         0x20000080    0x4  Data  Gb  system_stm32f0xx.o [1]
SystemCoreClockUpdate   0x0800098d   0x50  Code  Gb  system_stm32f0xx.o [1]
SystemInit              0x080008b5   0xd8  Code  Gb  system_stm32f0xx.o [1]
TIM2_IRQHandler         0x080012a5    0x2  Code  Gb  stm32f0xx_it.o [1]
TIM3_IRQHandler         0x080012b1  0x25c  Code  Gb  stm32f0xx_it.o [1]
TIM_ClearITPendingBit   0x08001007    0x6  Code  Gb  stm32f0xx_tim.o [1]
TIM_Cmd                 0x08000f99   0x14  Code  Gb  stm32f0xx_tim.o [1]
TIM_GetFlagStatus       0x08000fe3    0xe  Code  Gb  stm32f0xx_tim.o [1]
TIM_GetITStatus         0x08000ff1   0x16  Code  Gb  stm32f0xx_tim.o [1]
TIM_ITConfig            0x08000fd1   0x12  Code  Gb  stm32f0xx_tim.o [1]
TIM_SetCounter          0x08000f95    0x4  Code  Gb  stm32f0xx_tim.o [1]
TIM_TimeBaseInit        0x08000f3d   0x58  Code  Gb  stm32f0xx_tim.o [1]
Timeout_IsTimeout1      0x080011e9    0x6  Code  Gb  timeout.o [1]
Timeout_SetTimeout1     0x080011e5    0x4  Code  Gb  timeout.o [1]
Timeout_istout1         0x200000d0    0x1  Data  Gb  timeout.o [1]
Timeout_istout2         0x200000d6    0x1  Data  Gb  timeout.o [1]
Timeout_tout1           0x200000d4    0x2  Data  Gb  timeout.o [1]
Timeout_tout2           0x200000da    0x2  Data  Gb  timeout.o [1]
Timeout_toutcnt1        0x200000d2    0x2  Data  Gb  timeout.o [1]
Timeout_toutcnt2        0x200000d8    0x2  Data  Gb  timeout.o [1]
USART1_IRQHandler       0x08001545    0x2  Code  Gb  stm32f0xx_it.o [1]
UmV                     0x2000003c    0x4  Data  Lc  main.o [1]
UmV_old                 0x20000040    0x4  Data  Lc  main.o [1]
VrefINT_CAL             0x20000030    0x2  Data  Gb  main.o [1]
__ICFEDIT_region_RAM_end__ {Abs}
                        0x20001fff         Data  Gb  command line/config [2]
__ICFEDIT_region_RAM_start__ {Abs}
                        0x20000000         Data  Gb  command line/config [2]
__aeabi_idiv            0x08000d19         Code  Gb  I32DivModFast.o [4]
__aeabi_idiv0           0x08001245         Code  Gb  IntDivZer.o [4]
__aeabi_idivmod         0x08000d19         Code  Gb  I32DivModFast.o [4]
__aeabi_uidiv           0x08000d1f         Code  Gb  I32DivModFast.o [4]
__aeabi_uidivmod        0x08000d1f         Code  Gb  I32DivModFast.o [4]
__cmain                 0x080015bd         Code  Gb  cmain.o [4]
__exit                  0x080015f1   0x14  Code  Gb  exit.o [5]
__iar_data_init3        0x08001585   0x28  Code  Gb  data_init.o [4]
__iar_packbits_init_single3
                        0x08001547   0x3c  Code  Gb  packbits_init_single.o [4]
__iar_program_start     0x08001615         Code  Gb  cstartup_M.o [4]
__low_level_init        0x080015d7    0x4  Code  Gb  low_level_init.o [3]
__vector_table          0x08000000         Data  Gb  startup_stm32f0xx.o [1]
_call_main              0x080015c9         Code  Gb  cmain.o [4]
_exit                   0x080015e5         Code  Gb  cexit.o [4]
_lcd_string             0x20000004   0x14  Data  Lc  HD44780.o [1]
_main                   0x080015d3         Code  Gb  cmain.o [4]
adc_samp_avg_cnt        0x20000084    0x1  Data  Gb  stm32f0xx_it.o [1]
btn_dec_0_cnt           0x200000ac    0x1  Data  Gb  stm32f0xx_it.o [1]
btn_dec_1_cnt           0x200000ad    0x1  Data  Gb  stm32f0xx_it.o [1]
btn_dec_delay           0x200000be    0x2  Data  Lc  stm32f0xx_it.o [1]
btn_dec_delay_cnt       0x200000c6    0x2  Data  Gb  stm32f0xx_it.o [1]
btn_inc_0_cnt           0x200000a9    0x1  Data  Gb  stm32f0xx_it.o [1]
btn_inc_1_cnt           0x200000aa    0x1  Data  Gb  stm32f0xx_it.o [1]
btn_inc_delay           0x200000bc    0x2  Data  Lc  stm32f0xx_it.o [1]
btn_inc_delay_cnt       0x200000c2    0x2  Data  Gb  stm32f0xx_it.o [1]
btn_mode_0_cnt          0x200000af    0x1  Data  Gb  stm32f0xx_it.o [1]
btn_mode_1_cnt          0x200000b0    0x1  Data  Gb  stm32f0xx_it.o [1]
btn_mode_delay          0x200000c0    0x2  Data  Lc  stm32f0xx_it.o [1]
btn_mode_delay_cnt      0x200000ca    0x2  Data  Gb  stm32f0xx_it.o [1]
cnt_LCD_WriteString     0x20000001    0x1  Data  Lc  HD44780.o [1]
cnt_RdCurrentSenOffset  0x2000002e    0x1  Data  Gb  main.o [1]
cnt_flag_1000ms         0x200000ba    0x2  Data  Gb  stm32f0xx_it.o [1]
cnt_flag_10ms           0x200000a5    0x1  Data  Gb  stm32f0xx_it.o [1]
cnt_flag_250ms          0x200000b6    0x2  Data  Gb  stm32f0xx_it.o [1]
cnt_flag_500ms          0x200000b8    0x2  Data  Gb  stm32f0xx_it.o [1]
delay_10us              0x08001201   0x44  Code  Gb  delay.o [1]
error_cnt               0x200000dc    0x1  Data  Lc  errors.o [1]
error_cnt_thr           0x080008b0    0x1  Data  Lc  errors.o [1]
error_state             0x200000dd    0x1  Data  Lc  errors.o [1]
exit                    0x080015db    0x8  Code  Gb  exit.o [3]
lcd_row1                0x20000018   0x14  Data  Lc  main.o [1]
lcd_row2                0x2000005c   0x14  Data  Lc  main.o [1]
lcd_update_limit_delay_cnt
                        0x200000ce    0x2  Data  Gb  stm32f0xx_it.o [1]
main                    0x080000c1  0x21c  Code  Gb  main.o [1]
ptr_VREFINT_CAL         0x20000038    0x4  Data  Gb  main.o [1]
step_Background_Task    0x2000002d    0x1  Data  Lc  main.o [1]
step_LCD_GoTo           0x200000df    0x1  Data  Lc  HD44780.o [1]
step_LCD_Home           0x200000de    0x1  Data  Lc  HD44780.o [1]
step_LCD_WriteString    0x20000000    0x1  Data  Lc  HD44780.o [1]


[1] = D:\Work\Bitbucket\ProgrammableLoad_SW\IAR_EW6.7\EWARM\TIM_TimeBase\Obj
[2] = command line
[3] = dl6M_tln.a
[4] = rt6M_tl.a
[5] = shb_l.a

  5 686 bytes of readonly  code memory
     80 bytes of readonly  data memory
  1 248 bytes of readwrite data memory

Errors: none
Warnings: 1
