###############################################################################
#
# IAR ELF Linker V7.70.2.11706/W32 for ARM                04/Jan/2017  13:07:38
# Copyright 2007-2016 IAR Systems AB.
#
#    Output file  =  
#        D:\Work\Bitbucket\ProgrammableLoad_SW\IAR_EW6.7\EWARM\TIM_TimeBase\Exe\TIM_TimeBase.out
#    Map file     =  
#        D:\Work\Bitbucket\ProgrammableLoad_SW\IAR_EW6.7\EWARM\TIM_TimeBase\List\TIM_TimeBase.map
#    Command line =  
#        D:\Work\Bitbucket\ProgrammableLoad_SW\IAR_EW6.7\EWARM\TIM_TimeBase\Obj\config.o
#        D:\Work\Bitbucket\ProgrammableLoad_SW\IAR_EW6.7\EWARM\TIM_TimeBase\Obj\delay.o
#        D:\Work\Bitbucket\ProgrammableLoad_SW\IAR_EW6.7\EWARM\TIM_TimeBase\Obj\errors.o
#        D:\Work\Bitbucket\ProgrammableLoad_SW\IAR_EW6.7\EWARM\TIM_TimeBase\Obj\HD44780.o
#        D:\Work\Bitbucket\ProgrammableLoad_SW\IAR_EW6.7\EWARM\TIM_TimeBase\Obj\main.o
#        D:\Work\Bitbucket\ProgrammableLoad_SW\IAR_EW6.7\EWARM\TIM_TimeBase\Obj\startup_stm32f0xx.o
#        D:\Work\Bitbucket\ProgrammableLoad_SW\IAR_EW6.7\EWARM\TIM_TimeBase\Obj\stm32f0_discovery.o
#        D:\Work\Bitbucket\ProgrammableLoad_SW\IAR_EW6.7\EWARM\TIM_TimeBase\Obj\stm32f0xx_adc.o
#        D:\Work\Bitbucket\ProgrammableLoad_SW\IAR_EW6.7\EWARM\TIM_TimeBase\Obj\stm32f0xx_dac.o
#        D:\Work\Bitbucket\ProgrammableLoad_SW\IAR_EW6.7\EWARM\TIM_TimeBase\Obj\stm32f0xx_dma.o
#        D:\Work\Bitbucket\ProgrammableLoad_SW\IAR_EW6.7\EWARM\TIM_TimeBase\Obj\stm32f0xx_exti.o
#        D:\Work\Bitbucket\ProgrammableLoad_SW\IAR_EW6.7\EWARM\TIM_TimeBase\Obj\stm32f0xx_flash.o
#        D:\Work\Bitbucket\ProgrammableLoad_SW\IAR_EW6.7\EWARM\TIM_TimeBase\Obj\stm32f0xx_gpio.o
#        D:\Work\Bitbucket\ProgrammableLoad_SW\IAR_EW6.7\EWARM\TIM_TimeBase\Obj\stm32f0xx_it.o
#        D:\Work\Bitbucket\ProgrammableLoad_SW\IAR_EW6.7\EWARM\TIM_TimeBase\Obj\stm32f0xx_misc.o
#        D:\Work\Bitbucket\ProgrammableLoad_SW\IAR_EW6.7\EWARM\TIM_TimeBase\Obj\stm32f0xx_pwr.o
#        D:\Work\Bitbucket\ProgrammableLoad_SW\IAR_EW6.7\EWARM\TIM_TimeBase\Obj\stm32f0xx_rcc.o
#        D:\Work\Bitbucket\ProgrammableLoad_SW\IAR_EW6.7\EWARM\TIM_TimeBase\Obj\stm32f0xx_syscfg.o
#        D:\Work\Bitbucket\ProgrammableLoad_SW\IAR_EW6.7\EWARM\TIM_TimeBase\Obj\stm32f0xx_tim.o
#        D:\Work\Bitbucket\ProgrammableLoad_SW\IAR_EW6.7\EWARM\TIM_TimeBase\Obj\stm32f0xx_usart.o
#        D:\Work\Bitbucket\ProgrammableLoad_SW\IAR_EW6.7\EWARM\TIM_TimeBase\Obj\string.o
#        D:\Work\Bitbucket\ProgrammableLoad_SW\IAR_EW6.7\EWARM\TIM_TimeBase\Obj\system_stm32f0xx.o
#        D:\Work\Bitbucket\ProgrammableLoad_SW\IAR_EW6.7\EWARM\TIM_TimeBase\Obj\timeout.o
#        --redirect _Printf=_PrintfSmall --redirect _Scanf=_ScanfSmall -o
#        D:\Work\Bitbucket\ProgrammableLoad_SW\IAR_EW6.7\EWARM\TIM_TimeBase\Exe\TIM_TimeBase.out
#        --map
#        D:\Work\Bitbucket\ProgrammableLoad_SW\IAR_EW6.7\EWARM\TIM_TimeBase\List\TIM_TimeBase.map
#        --config
#        D:\Work\Bitbucket\ProgrammableLoad_SW\IAR_EW6.7\EWARM\stm32f0xx_flash.icf
#        --semihosting --entry __iar_program_start --vfe --enable_stack_usage
#
###############################################################################

*******************************************************************************
*** MESSAGES
***

Warning[Ls015]: [stack usage analysis] at least one function appears to be
          uncalled. Example: "DMA1_Channel1_IRQHandler". A complete list of
          uncalled functions is in the map file.


*******************************************************************************
*** RUNTIME MODEL ATTRIBUTES
***

CppFlavor       = *
__SystemLibrary = DLib


*******************************************************************************
*** PLACEMENT SUMMARY
***

"A0":  place at 0x08000000 { ro section .intvec };
"P1":  place in [from 0x08000000 to 0x0800ffff] { ro };
"P2":  place in [from 0x20000000 to 0x20001fff] { rw, block CSTACK, block HEAP };
initialize by copy { rw };

  Section            Kind        Address    Size  Object
  -------            ----        -------    ----  ------
"A0":                                       0xc0
  .intvec            ro code  0x08000000    0xc0  startup_stm32f0xx.o [1]
                            - 0x080000c0    0xc0

"P1":                                     0x15f4
  .text              ro code  0x080000c0   0x3fc  main.o [1]
  .text              ro code  0x080004bc   0x388  config.o [1]
  .text              ro code  0x08000844    0x49  errors.o [1]
  .text              ro code  0x0800088e     0x2  startup_stm32f0xx.o [1]
  .text              ro code  0x08000890   0x154  system_stm32f0xx.o [1]
  .text              ro code  0x080009e4   0x338  HD44780.o [1]
  .text              ro code  0x08000d1c    0xe0  I32DivModFast.o [4]
  .text              ro code  0x08000dfc    0x50  stm32f0xx_dac.o [1]
  .text              ro code  0x08000e4c    0x60  stm32f0xx_rcc.o [1]
  .text              ro code  0x08000eac    0x6a  stm32f0xx_gpio.o [1]
  .text              ro code  0x08000f16     0x2  startup_stm32f0xx.o [1]
  .text              ro code  0x08000f18    0x54  stm32f0xx_misc.o [1]
  .text              ro code  0x08000f6c    0xbe  stm32f0xx_tim.o [1]
  .text              ro code  0x0800102a     0x2  startup_stm32f0xx.o [1]
  .text              ro code  0x0800102c   0x110  stm32f0xx_adc.o [1]
  .text              ro code  0x0800113c    0xc8  stm32f0xx_dma.o [1]
  .text              ro code  0x08001204    0x1c  timeout.o [1]
  .text              ro code  0x08001220    0x54  delay.o [1]
  .text              ro code  0x08001274     0x2  IntDivZer.o [4]
  .text              ro code  0x08001276     0x2  startup_stm32f0xx.o [1]
  .text              ro code  0x08001278   0x2fe  stm32f0xx_it.o [1]
  .text              ro code  0x08001576    0x3c  packbits_init_single.o [4]
  .text              ro code  0x080015b2     0x2  startup_stm32f0xx.o [1]
  .text              ro code  0x080015b4    0x28  data_init.o [4]
  .iar.init_table    const    0x080015dc    0x10  - Linker created -
  .text              ro code  0x080015ec    0x1a  cmain.o [4]
  .text              ro code  0x08001606     0x4  low_level_init.o [3]
  .text              ro code  0x0800160a     0x8  exit.o [3]
  .text              ro code  0x08001612     0x2  startup_stm32f0xx.o [1]
  .text              ro code  0x08001614     0xa  cexit.o [4]
  .text              ro code  0x0800161e     0x2  startup_stm32f0xx.o [1]
  .text              ro code  0x08001620    0x14  exit.o [5]
  .text              ro code  0x08001634    0x10  startup_stm32f0xx.o [1]
  .text              ro code  0x08001644     0xc  cstartup_M.o [4]
  .text              ro code  0x08001650     0x2  startup_stm32f0xx.o [1]
  .text              ro code  0x08001652     0x2  startup_stm32f0xx.o [1]
  .text              ro code  0x08001654     0x2  startup_stm32f0xx.o [1]
  .text              ro code  0x08001656     0x2  startup_stm32f0xx.o [1]
  .text              ro code  0x08001658     0x2  startup_stm32f0xx.o [1]
  .text              ro code  0x0800165a     0x2  startup_stm32f0xx.o [1]
  .text              ro code  0x0800165c     0x2  startup_stm32f0xx.o [1]
  .text              ro code  0x0800165e     0x2  startup_stm32f0xx.o [1]
  .text              ro code  0x08001660     0x2  startup_stm32f0xx.o [1]
  .text              ro code  0x08001662     0x2  startup_stm32f0xx.o [1]
  .text              ro code  0x08001664     0x2  startup_stm32f0xx.o [1]
  .text              ro code  0x08001666     0x2  startup_stm32f0xx.o [1]
  .text              ro code  0x08001668     0x2  startup_stm32f0xx.o [1]
  .text              ro code  0x0800166a     0x2  startup_stm32f0xx.o [1]
  .text              ro code  0x0800166c     0x2  startup_stm32f0xx.o [1]
  .text              ro code  0x0800166e     0x2  startup_stm32f0xx.o [1]
  .text              ro code  0x08001670     0x2  startup_stm32f0xx.o [1]
  .text              ro code  0x08001672     0x2  startup_stm32f0xx.o [1]
  .rodata            const    0x08001674     0x0  packbits_init_single.o [4]
  Initializer bytes  const    0x08001674    0x40  <for P2-1>
                            - 0x080016b4  0x15f4

"P2", part 1 of 2:                          0xec
  P2-1                        0x20000000    0xec  <Init block>
    .data            inited   0x20000000    0x18  HD44780.o [1]
    .data            inited   0x20000018    0x44  main.o [1]
    .data            inited   0x2000005c    0x14  main.o [1]
    .data            inited   0x20000070    0x14  system_stm32f0xx.o [1]
    .bss             inited   0x20000084    0x20  stm32f0xx_it.o [1]
    .data            inited   0x200000a4    0x2c  stm32f0xx_it.o [1]
    .data            inited   0x200000d0     0x6  timeout.o [1]
    .data            inited   0x200000d6     0x6  timeout.o [1]
    .bss             inited   0x200000dc     0x4  delay.o [1]
    .bss             inited   0x200000e0     0x6  delay.o [1]
    .bss             inited   0x200000e6     0x2  errors.o [1]
    .bss             inited   0x200000e8     0x1  HD44780.o [1]
    .bss             inited   0x200000e9     0x1  HD44780.o [1]
    .bss             inited   0x200000ea     0x1  HD44780.o [1]
    .bss             inited   0x200000eb     0x1  HD44780.o [1]
                            - 0x200000ec    0xec

"P2", part 2 of 2:                         0x400
  CSTACK                      0x200000f0   0x400  <Block>
    CSTACK           uninit   0x200000f0   0x400  <Block tail>
                            - 0x200004f0   0x400


*******************************************************************************
*** INIT TABLE
***

          Address     Size
          -------     ----
Copy/packbits (__iar_packbits_init_single3)
    1 source range, total size 0x40 (27% of destination):
          0x08001674  0x40
    1 destination range, total size 0xec:
          0x20000000  0xec


*******************************************************************************
*** STACK USAGE
***

  Call Graph Root Category  Max Use  Total Use
  ------------------------  -------  ---------
  Program entry                144        144
  Uncalled function             24         48


Program entry
  "__iar_program_start": 0x08001645

  Maximum call chain                              144  bytes

    "__iar_program_start"                           0
    "__cmain"                                       0
    "main"                                         24
    "Config"                                        8
    "Config_ADC1_DMA"                              96
    "NVIC_Init"                                    16

Uncalled function
  "DMA1_Channel1_IRQHandler": 0x08001279

  Maximum call chain                               16  bytes

    "DMA1_Channel1_IRQHandler"                     16

Uncalled function
  "HardFault_Handler": 0x080012d9

  Maximum call chain                                0  bytes

    "HardFault_Handler"                             0

Uncalled function
  "NMI_Handler": 0x080012d7

  Maximum call chain                                0  bytes

    "NMI_Handler"                                   0

Uncalled function
  "PendSV_Handler": 0x080012dd

  Maximum call chain                                0  bytes

    "PendSV_Handler"                                0

Uncalled function
  "SVC_Handler": 0x080012db

  Maximum call chain                                0  bytes

    "SVC_Handler"                                   0

Uncalled function
  "SysTick_Handler": 0x080012df

  Maximum call chain                                0  bytes

    "SysTick_Handler"                               0

Uncalled function
  "TIM2_IRQHandler": 0x080012d5

  Maximum call chain                                0  bytes

    "TIM2_IRQHandler"                               0

Uncalled function
  "TIM3_IRQHandler": 0x080012e1

  Maximum call chain                               24  bytes

    "TIM3_IRQHandler"                              24
    "TIM_ClearITPendingBit"                         0

Uncalled function
  "USART1_IRQHandler": 0x08001575

  Maximum call chain                                0  bytes

    "USART1_IRQHandler"                             0

Uncalled function
  "SystemInit": 0x08000891

  Maximum call chain                                8  bytes

    "SystemInit"                                    8


*******************************************************************************
*** MODULE SUMMARY
***

    Module                  ro code  ro data  rw data
    ------                  -------  -------  -------
D:\Work\Bitbucket\ProgrammableLoad_SW\IAR_EW6.7\EWARM\TIM_TimeBase\Obj: [1]
    HD44780.o                   824        8       28
    config.o                    904
    delay.o                      84        3       10
    errors.o                     73                 2
    main.o                    1 020       24       88
    startup_stm32f0xx.o         258
    stm32f0xx_adc.o             272
    stm32f0xx_dac.o              80
    stm32f0xx_dma.o             200
    stm32f0xx_gpio.o            106
    stm32f0xx_it.o              766       21       76
    stm32f0xx_misc.o             84
    stm32f0xx_rcc.o              96
    stm32f0xx_tim.o             190
    system_stm32f0xx.o          340        5       20
    timeout.o                    28        3       12
    -------------------------------------------------
    Total:                    5 325       64      236

command line: [2]
    -------------------------------------------------
    Total:

dl6M_tln.a: [3]
    exit.o                        8
    low_level_init.o              4
    -------------------------------------------------
    Total:                       12

rt6M_tl.a: [4]
    I32DivModFast.o             224
    IntDivZer.o                   2
    cexit.o                      10
    cmain.o                      26
    cstartup_M.o                 12
    data_init.o                  40
    packbits_init_single.o       60
    -------------------------------------------------
    Total:                      374

shb_l.a: [5]
    exit.o                       20
    -------------------------------------------------
    Total:                       20

    Gaps                          1
    Linker created                        16    1 024
-----------------------------------------------------
    Grand Total:              5 732       80    1 260


*******************************************************************************
*** ENTRY LIST
***

Entry                      Address   Size  Type      Object
-----                      -------   ----  ----      ------
.iar.init_table$$Base   0x080015dc          --   Gb  - Linker created -
.iar.init_table$$Limit  0x080015ec          --   Gb  - Linker created -
?main                   0x080015ed         Code  Gb  cmain.o [4]
ADC_ChannelConfig       0x080010a9    0xa  Code  Gb  stm32f0xx_adc.o [1]
ADC_Cmd                 0x0800107f   0x12  Code  Gb  stm32f0xx_adc.o [1]
ADC_Conv_Tab            0x20000090    0x8  Data  Gb  stm32f0xx_it.o [1]
ADC_Conv_Tab_Avg        0x20000088    0x8  Data  Gb  stm32f0xx_it.o [1]
ADC_Conv_Tab_Avg_Acc    0x20000098    0xc  Data  Gb  stm32f0xx_it.o [1]
ADC_DMACmd              0x080010e5   0x16  Code  Gb  stm32f0xx_adc.o [1]
ADC_DMARequestModeConfig
                        0x080010fb   0x10  Code  Gb  stm32f0xx_adc.o [1]
ADC_DeInit              0x0800102d   0x1e  Code  Gb  stm32f0xx_adc.o [1]
ADC_GetCalibrationFactor
                        0x080010b3   0x28  Code  Gb  stm32f0xx_adc.o [1]
ADC_GetFlagStatus       0x0800110b   0x1a  Code  Gb  stm32f0xx_adc.o [1]
ADC_Init                0x0800104b   0x24  Code  Gb  stm32f0xx_adc.o [1]
ADC_StartOfConversion   0x080010db    0xa  Code  Gb  stm32f0xx_adc.o [1]
ADC_StructInit          0x0800106f   0x10  Code  Gb  stm32f0xx_adc.o [1]
ADC_VrefintCmd          0x08001091   0x18  Code  Gb  stm32f0xx_adc.o [1]
AHBPrescTable           0x20000070   0x10  Data  Gb  system_stm32f0xx.o [1]
BTN_DEC_DEB_STATE       0x200000ae    0x1  Data  Gb  stm32f0xx_it.o [1]
BTN_DEC_DELAY_FLAG      0x200000b3    0x1  Data  Gb  stm32f0xx_it.o [1]
BTN_DEC_press_timer     0x200000c8    0x2  Data  Gb  stm32f0xx_it.o [1]
BTN_INC_DEB_STATE       0x200000ab    0x1  Data  Gb  stm32f0xx_it.o [1]
BTN_INC_DELAY_FLAG      0x200000b2    0x1  Data  Gb  stm32f0xx_it.o [1]
BTN_INC_press_timer     0x200000c4    0x2  Data  Gb  stm32f0xx_it.o [1]
BTN_MODE_DEB_STATE      0x200000b1    0x1  Data  Gb  stm32f0xx_it.o [1]
BTN_MODE_DELAY_FLAG     0x200000b4    0x1  Data  Gb  stm32f0xx_it.o [1]
BTN_MODE_press_timer    0x200000cc    0x2  Data  Gb  stm32f0xx_it.o [1]
CSTACK$$Base            0x200000f0          --   Gb  - Linker created -
CSTACK$$Limit           0x200004f0          --   Gb  - Linker created -
Config                  0x080004bd   0x20  Code  Gb  config.o [1]
Config_ADC1_DMA         0x08000715  0x10a  Code  Gb  config.o [1]
Config_DAC              0x080006d1   0x2a  Code  Gb  config.o [1]
Config_GPIO             0x080004dd  0x172  Code  Gb  config.o [1]
Config_TIM15            0x08000699   0x20  Code  Gb  config.o [1]
Config_TIM3             0x0800064f   0x4a  Code  Gb  config.o [1]
Convert2String_Current  0x080002bd   0x74  Code  Gb  main.o [1]
Convert2String_Ireq     0x080003bd   0x4a  Code  Gb  main.o [1]
Convert2String_Power    0x08000415   0x74  Code  Gb  main.o [1]
Convert2String_Voltage  0x08000339   0x74  Code  Gb  main.o [1]
CurrentSenOffset        0x20000054    0x4  Data  Gb  main.o [1]
CurrentSenOffset_acc    0x20000058    0x4  Data  Gb  main.o [1]
DAC_Cmd                 0x08000e17   0x18  Code  Gb  stm32f0xx_dac.o [1]
DAC_Init                0x08000dfd   0x1a  Code  Gb  stm32f0xx_dac.o [1]
DAC_SetChannel1Data     0x08000e2f   0x1a  Code  Gb  stm32f0xx_dac.o [1]
DMA1_Channel1_IRQHandler
                        0x08001279   0x54  Code  Gb  stm32f0xx_it.o [1]
DMA_Cmd                 0x080011cd   0x14  Code  Gb  stm32f0xx_dma.o [1]
DMA_DeInit              0x0800113d   0x5a  Code  Gb  stm32f0xx_dma.o [1]
DMA_ITConfig            0x080011e1   0x12  Code  Gb  stm32f0xx_dma.o [1]
DMA_Init                0x08001197   0x36  Code  Gb  stm32f0xx_dma.o [1]
Errors_Init             0x08000845    0xa  Code  Gb  errors.o [1]
Errors_ResetError       0x0800086f   0x18  Code  Gb  errors.o [1]
Errors_SetError         0x08000851   0x1e  Code  Gb  errors.o [1]
FLAG_1000ms             0x200000a8    0x1  Data  Gb  stm32f0xx_it.o [1]
FLAG_10ms               0x200000a4    0x1  Data  Gb  stm32f0xx_it.o [1]
FLAG_250ms              0x200000a6    0x1  Data  Gb  stm32f0xx_it.o [1]
FLAG_500ms              0x200000a7    0x1  Data  Gb  stm32f0xx_it.o [1]
FLAG_ADC_NewData        0x20000085    0x1  Data  Gb  stm32f0xx_it.o [1]
FLAG_RdCurrentSenOffset
                        0x20000031    0x1  Data  Gb  main.o [1]
GPIO_Init               0x08000ead   0x6a  Code  Gb  stm32f0xx_gpio.o [1]
HardFault_Handler       0x080012d9    0x2  Code  Gb  stm32f0xx_it.o [1]
ImA                     0x20000044    0x4  Data  Lc  main.o [1]
ImA_old                 0x20000048    0x4  Data  Lc  main.o [1]
LCD_Clear               0x08000c3d   0x3c  Code  Gb  HD44780.o [1]
LCD_Clock               0x080009e5   0x1c  Code  Gb  HD44780.o [1]
LCD_GoTo                0x08000cc3   0x3e  Code  Gb  HD44780.o [1]
LCD_Home                0x08000c81   0x3a  Code  Gb  HD44780.o [1]
LCD_Initialize          0x08000ae3   0xc4  Code  Gb  HD44780.o [1]
LCD_UPDATE_LIMIT_FLAG   0x200000b5    0x1  Data  Gb  stm32f0xx_it.o [1]
LCD_Update              0x2000002c    0x1  Data  Gb  main.o [1]
LCD_Write               0x08000a01   0xe2  Code  Gb  HD44780.o [1]
LCD_WriteString         0x08000bad   0x7c  Code  Gb  HD44780.o [1]
NMI_Handler             0x080012d7    0x2  Code  Gb  stm32f0xx_it.o [1]
NVIC_Init               0x08000f19   0x48  Code  Gb  stm32f0xx_misc.o [1]
PendSV_Handler          0x080012dd    0x2  Code  Gb  stm32f0xx_it.o [1]
PowermW                 0x2000004c    0x4  Data  Lc  main.o [1]
PowermW_old             0x20000050    0x4  Data  Lc  main.o [1]
RCC_AHBPeriphClockCmd   0x08000e4d   0x14  Code  Gb  stm32f0xx_rcc.o [1]
RCC_APB1PeriphClockCmd  0x08000e75   0x14  Code  Gb  stm32f0xx_rcc.o [1]
RCC_APB2PeriphClockCmd  0x08000e61   0x14  Code  Gb  stm32f0xx_rcc.o [1]
RCC_APB2PeriphResetCmd  0x08000e89   0x14  Code  Gb  stm32f0xx_rcc.o [1]
Region$$Table$$Base     0x080015dc          --   Gb  - Linker created -
Region$$Table$$Limit    0x080015ec          --   Gb  - Linker created -
Requested_Current       0x20000034    0x2  Data  Lc  main.o [1]
SVC_Handler             0x080012db    0x2  Code  Gb  stm32f0xx_it.o [1]
SysTick_Handler         0x080012df    0x2  Code  Gb  stm32f0xx_it.o [1]
SystemCoreClock         0x20000080    0x4  Data  Gb  system_stm32f0xx.o [1]
SystemCoreClockUpdate   0x08000969   0x50  Code  Gb  system_stm32f0xx.o [1]
SystemInit              0x08000891   0xd8  Code  Gb  system_stm32f0xx.o [1]
TIM2_IRQHandler         0x080012d5    0x2  Code  Gb  stm32f0xx_it.o [1]
TIM3_IRQHandler         0x080012e1  0x25c  Code  Gb  stm32f0xx_it.o [1]
TIM_ClearITPendingBit   0x08001025    0x6  Code  Gb  stm32f0xx_tim.o [1]
TIM_Cmd                 0x08000fc5   0x14  Code  Gb  stm32f0xx_tim.o [1]
TIM_GetITStatus         0x0800100f   0x16  Code  Gb  stm32f0xx_tim.o [1]
TIM_ITConfig            0x08000ffd   0x12  Code  Gb  stm32f0xx_tim.o [1]
TIM_TimeBaseInit        0x08000f6d   0x58  Code  Gb  stm32f0xx_tim.o [1]
Timeout_IsTimeout1      0x08001209    0x6  Code  Gb  timeout.o [1]
Timeout_SetTimeout1     0x08001205    0x4  Code  Gb  timeout.o [1]
Timeout_istout1         0x200000d0    0x1  Data  Gb  timeout.o [1]
Timeout_istout2         0x200000d6    0x1  Data  Gb  timeout.o [1]
Timeout_tout1           0x200000d4    0x2  Data  Gb  timeout.o [1]
Timeout_tout2           0x200000da    0x2  Data  Gb  timeout.o [1]
Timeout_toutcnt1        0x200000d2    0x2  Data  Gb  timeout.o [1]
Timeout_toutcnt2        0x200000d8    0x2  Data  Gb  timeout.o [1]
USART1_IRQHandler       0x08001575    0x2  Code  Gb  stm32f0xx_it.o [1]
UmV                     0x2000003c    0x4  Data  Lc  main.o [1]
UmV_old                 0x20000040    0x4  Data  Lc  main.o [1]
VrefINT_CAL             0x20000032    0x2  Data  Gb  main.o [1]
__ICFEDIT_region_RAM_end__ {Abs}
                        0x20001fff         Data  Gb  command line/config [2]
__ICFEDIT_region_RAM_start__ {Abs}
                        0x20000000         Data  Gb  command line/config [2]
__aeabi_idiv            0x08000d49         Code  Gb  I32DivModFast.o [4]
__aeabi_idiv0           0x08001275         Code  Gb  IntDivZer.o [4]
__aeabi_idivmod         0x08000d49         Code  Gb  I32DivModFast.o [4]
__aeabi_uidiv           0x08000d4f         Code  Gb  I32DivModFast.o [4]
__aeabi_uidivmod        0x08000d4f         Code  Gb  I32DivModFast.o [4]
__cmain                 0x080015ed         Code  Gb  cmain.o [4]
__exit                  0x08001621   0x14  Code  Gb  exit.o [5]
__iar_data_init3        0x080015b5   0x28  Code  Gb  data_init.o [4]
__iar_packbits_init_single3
                        0x08001577   0x3c  Code  Gb  packbits_init_single.o [4]
__iar_program_start     0x08001645         Code  Gb  cstartup_M.o [4]
__low_level_init        0x08001607    0x4  Code  Gb  low_level_init.o [3]
__vector_table          0x08000000         Data  Gb  startup_stm32f0xx.o [1]
_call_main              0x080015f9         Code  Gb  cmain.o [4]
_exit                   0x08001615         Code  Gb  cexit.o [4]
_lcd_string             0x20000004   0x14  Data  Lc  HD44780.o [1]
_main                   0x08001603         Code  Gb  cmain.o [4]
adc_samp_avg_cnt        0x20000084    0x1  Data  Gb  stm32f0xx_it.o [1]
btn_dec_0_cnt           0x200000ac    0x1  Data  Gb  stm32f0xx_it.o [1]
btn_dec_1_cnt           0x200000ad    0x1  Data  Gb  stm32f0xx_it.o [1]
btn_dec_delay           0x200000be    0x2  Data  Lc  stm32f0xx_it.o [1]
btn_dec_delay_cnt       0x200000c6    0x2  Data  Gb  stm32f0xx_it.o [1]
btn_inc_0_cnt           0x200000a9    0x1  Data  Gb  stm32f0xx_it.o [1]
btn_inc_1_cnt           0x200000aa    0x1  Data  Gb  stm32f0xx_it.o [1]
btn_inc_delay           0x200000bc    0x2  Data  Lc  stm32f0xx_it.o [1]
btn_inc_delay_cnt       0x200000c2    0x2  Data  Gb  stm32f0xx_it.o [1]
btn_mode_0_cnt          0x200000af    0x1  Data  Gb  stm32f0xx_it.o [1]
btn_mode_1_cnt          0x200000b0    0x1  Data  Gb  stm32f0xx_it.o [1]
btn_mode_delay          0x200000c0    0x2  Data  Lc  stm32f0xx_it.o [1]
btn_mode_delay_cnt      0x200000ca    0x2  Data  Gb  stm32f0xx_it.o [1]
cnt_LCD_WriteString     0x20000001    0x1  Data  Lc  HD44780.o [1]
cnt_RdCurrentSenOffset  0x20000030    0x1  Data  Gb  main.o [1]
cnt_flag_1000ms         0x200000ba    0x2  Data  Gb  stm32f0xx_it.o [1]
cnt_flag_10ms           0x200000a5    0x1  Data  Gb  stm32f0xx_it.o [1]
cnt_flag_250ms          0x200000b6    0x2  Data  Gb  stm32f0xx_it.o [1]
cnt_flag_500ms          0x200000b8    0x2  Data  Gb  stm32f0xx_it.o [1]
delay_us                0x08001221   0x1a  Code  Gb  delay.o [1]
delay_us_nonblocking1   0x0800123b   0x26  Code  Gb  delay.o [1]
error_cnt               0x200000e6    0x1  Data  Lc  errors.o [1]
error_cnt_thr           0x0800088c    0x1  Data  Lc  errors.o [1]
error_state             0x200000e7    0x1  Data  Lc  errors.o [1]
exit                    0x0800160b    0x8  Code  Gb  exit.o [3]
flag_LCD_Update_row1    0x2000002d    0x1  Data  Gb  main.o [1]
flag_LCD_Update_row2    0x2000002e    0x1  Data  Gb  main.o [1]
lcd_row1                0x20000018   0x14  Data  Lc  main.o [1]
lcd_row2                0x2000005c   0x14  Data  Lc  main.o [1]
lcd_update_limit_delay_cnt
                        0x200000ce    0x2  Data  Gb  stm32f0xx_it.o [1]
main                    0x080000c1  0x1ea  Code  Gb  main.o [1]
ptr_VREFINT_CAL         0x20000038    0x4  Data  Gb  main.o [1]
step_Background_Task    0x2000002f    0x1  Data  Lc  main.o [1]
step_LCD_Clear          0x200000ea    0x1  Data  Lc  HD44780.o [1]
step_LCD_GoTo           0x200000e9    0x1  Data  Lc  HD44780.o [1]
step_LCD_Home           0x200000e8    0x1  Data  Lc  HD44780.o [1]
step_LCD_Write          0x200000eb    0x1  Data  Lc  HD44780.o [1]
step_LCD_WriteString    0x20000000    0x1  Data  Lc  HD44780.o [1]
t15_delta               0x200000de    0x2  Data  Lc  delay.o [1]
t15_tstamp              0x200000dc    0x2  Data  Lc  delay.o [1]
t15nonblock_delta1      0x200000e4    0x2  Data  Lc  delay.o [1]
t15nonblock_step1       0x200000e0    0x1  Data  Lc  delay.o [1]
t15nonblock_tstamp1     0x200000e2    0x2  Data  Lc  delay.o [1]


[1] = D:\Work\Bitbucket\ProgrammableLoad_SW\IAR_EW6.7\EWARM\TIM_TimeBase\Obj
[2] = command line
[3] = dl6M_tln.a
[4] = rt6M_tl.a
[5] = shb_l.a

  5 732 bytes of readonly  code memory
     80 bytes of readonly  data memory
  1 260 bytes of readwrite data memory

Errors: none
Warnings: 1
