###############################################################################
#
# IAR ELF Linker V7.70.2.11706/W32 for ARM                11/Jan/2017  17:33:25
# Copyright 2007-2016 IAR Systems AB.
#
#    Output file  =  
#        D:\Work\Bitbucket\ProgrammableLoad_SW\IAR_EW6.7\EWARM\TIM_TimeBase\Exe\TIM_TimeBase.out
#    Map file     =  
#        D:\Work\Bitbucket\ProgrammableLoad_SW\IAR_EW6.7\EWARM\TIM_TimeBase\List\TIM_TimeBase.map
#    Command line =  
#        D:\Work\Bitbucket\ProgrammableLoad_SW\IAR_EW6.7\EWARM\TIM_TimeBase\Obj\config.o
#        D:\Work\Bitbucket\ProgrammableLoad_SW\IAR_EW6.7\EWARM\TIM_TimeBase\Obj\delay.o
#        D:\Work\Bitbucket\ProgrammableLoad_SW\IAR_EW6.7\EWARM\TIM_TimeBase\Obj\errors.o
#        D:\Work\Bitbucket\ProgrammableLoad_SW\IAR_EW6.7\EWARM\TIM_TimeBase\Obj\HD44780.o
#        D:\Work\Bitbucket\ProgrammableLoad_SW\IAR_EW6.7\EWARM\TIM_TimeBase\Obj\main.o
#        D:\Work\Bitbucket\ProgrammableLoad_SW\IAR_EW6.7\EWARM\TIM_TimeBase\Obj\pid.o
#        D:\Work\Bitbucket\ProgrammableLoad_SW\IAR_EW6.7\EWARM\TIM_TimeBase\Obj\rtms.o
#        D:\Work\Bitbucket\ProgrammableLoad_SW\IAR_EW6.7\EWARM\TIM_TimeBase\Obj\stackusage.o
#        D:\Work\Bitbucket\ProgrammableLoad_SW\IAR_EW6.7\EWARM\TIM_TimeBase\Obj\startup_stm32f0xx.o
#        D:\Work\Bitbucket\ProgrammableLoad_SW\IAR_EW6.7\EWARM\TIM_TimeBase\Obj\stm32f0_discovery.o
#        D:\Work\Bitbucket\ProgrammableLoad_SW\IAR_EW6.7\EWARM\TIM_TimeBase\Obj\stm32f0xx_adc.o
#        D:\Work\Bitbucket\ProgrammableLoad_SW\IAR_EW6.7\EWARM\TIM_TimeBase\Obj\stm32f0xx_dac.o
#        D:\Work\Bitbucket\ProgrammableLoad_SW\IAR_EW6.7\EWARM\TIM_TimeBase\Obj\stm32f0xx_dma.o
#        D:\Work\Bitbucket\ProgrammableLoad_SW\IAR_EW6.7\EWARM\TIM_TimeBase\Obj\stm32f0xx_exti.o
#        D:\Work\Bitbucket\ProgrammableLoad_SW\IAR_EW6.7\EWARM\TIM_TimeBase\Obj\stm32f0xx_flash.o
#        D:\Work\Bitbucket\ProgrammableLoad_SW\IAR_EW6.7\EWARM\TIM_TimeBase\Obj\stm32f0xx_gpio.o
#        D:\Work\Bitbucket\ProgrammableLoad_SW\IAR_EW6.7\EWARM\TIM_TimeBase\Obj\stm32f0xx_it.o
#        D:\Work\Bitbucket\ProgrammableLoad_SW\IAR_EW6.7\EWARM\TIM_TimeBase\Obj\stm32f0xx_misc.o
#        D:\Work\Bitbucket\ProgrammableLoad_SW\IAR_EW6.7\EWARM\TIM_TimeBase\Obj\stm32f0xx_pwr.o
#        D:\Work\Bitbucket\ProgrammableLoad_SW\IAR_EW6.7\EWARM\TIM_TimeBase\Obj\stm32f0xx_rcc.o
#        D:\Work\Bitbucket\ProgrammableLoad_SW\IAR_EW6.7\EWARM\TIM_TimeBase\Obj\stm32f0xx_syscfg.o
#        D:\Work\Bitbucket\ProgrammableLoad_SW\IAR_EW6.7\EWARM\TIM_TimeBase\Obj\stm32f0xx_tim.o
#        D:\Work\Bitbucket\ProgrammableLoad_SW\IAR_EW6.7\EWARM\TIM_TimeBase\Obj\stm32f0xx_usart.o
#        D:\Work\Bitbucket\ProgrammableLoad_SW\IAR_EW6.7\EWARM\TIM_TimeBase\Obj\string.o
#        D:\Work\Bitbucket\ProgrammableLoad_SW\IAR_EW6.7\EWARM\TIM_TimeBase\Obj\system_stm32f0xx.o
#        D:\Work\Bitbucket\ProgrammableLoad_SW\IAR_EW6.7\EWARM\TIM_TimeBase\Obj\timeout.o
#        --redirect _Printf=_PrintfSmall --redirect _Scanf=_ScanfSmall -o
#        D:\Work\Bitbucket\ProgrammableLoad_SW\IAR_EW6.7\EWARM\TIM_TimeBase\Exe\TIM_TimeBase.out
#        --map
#        D:\Work\Bitbucket\ProgrammableLoad_SW\IAR_EW6.7\EWARM\TIM_TimeBase\List\TIM_TimeBase.map
#        --config
#        D:\Work\Bitbucket\ProgrammableLoad_SW\IAR_EW6.7\EWARM\stm32f0xx_flash.icf
#        --semihosting --entry __iar_program_start --vfe --enable_stack_usage
#
###############################################################################

*******************************************************************************
*** MESSAGES
***

Warning[Ls015]: [stack usage analysis] at least one function appears to be
          uncalled. Example: "DMA1_Channel1_IRQHandler". A complete list of
          uncalled functions is in the map file.


*******************************************************************************
*** RUNTIME MODEL ATTRIBUTES
***

CppFlavor       = *
__SystemLibrary = DLib


*******************************************************************************
*** PLACEMENT SUMMARY
***

"A0":  place at 0x08000000 { ro section .intvec };
"P1":  place in [from 0x08000000 to 0x0800ffff] { ro };
"P2":  place in [from 0x20000000 to 0x20001bff] { rw, block HEAP };
"P3":  place in [from 0x20001c00 to 0x20001fff] { block CSTACK };
initialize by copy { rw };

  Section            Kind        Address    Size  Object
  -------            ----        -------    ----  ------
"A0":                                       0xf8
  .intvec            ro code  0x08000000    0xf8  startup_stm32f0xx.o [1]
                            - 0x080000f8    0xf8

"P1":                                     0x1aeb
  .text              ro code  0x080000f8   0x548  main.o [1]
  .text              ro code  0x08000640    0x54  stackusage.o [1]
  .text              ro code  0x08000694   0x44c  config.o [1]
  .text              ro code  0x08000ae0    0x50  stm32f0xx_dac.o [1]
  .text              ro code  0x08000b30    0x49  errors.o [1]
  .text              ro code  0x08000b7a     0x2  startup_stm32f0xx.o [1]
  .text              ro code  0x08000b7c   0x154  system_stm32f0xx.o [1]
  .text              ro code  0x08000cd0   0x3e0  HD44780.o [1]
  .text              ro code  0x080010b0    0x14  pid.o [1]
  .text              ro code  0x080010c4    0x60  rtms.o [1]
  .text              ro code  0x08001124    0xe0  I32DivModFast.o [5]
  .text              ro code  0x08001204    0x60  stm32f0xx_rcc.o [1]
  .text              ro code  0x08001264    0x6a  stm32f0xx_gpio.o [1]
  .text              ro code  0x080012ce     0x2  startup_stm32f0xx.o [1]
  .text              ro code  0x080012d0    0x54  stm32f0xx_misc.o [1]
  .text              ro code  0x08001324    0xbc  stm32f0xx_tim.o [1]
  .text              ro code  0x080013e0   0x110  stm32f0xx_adc.o [1]
  .text              ro code  0x080014f0    0xc8  stm32f0xx_dma.o [1]
  .text              ro code  0x080015b8    0x1c  timeout.o [1]
  .text              ro code  0x080015d4    0x54  delay.o [1]
  .text              ro code  0x08001628     0x2  IntDivZer.o [5]
  .text              ro code  0x0800162a     0x2  startup_stm32f0xx.o [1]
  .text              ro code  0x0800162c   0x41a  stm32f0xx_it.o [1]
  .text              ro code  0x08001a46    0x3c  zero_init3.o [5]
  .text              ro code  0x08001a82    0x3c  packbits_init_single.o [5]
  .text              ro code  0x08001abe     0x2  startup_stm32f0xx.o [1]
  .text              ro code  0x08001ac0    0x28  data_init.o [5]
  .iar.init_table    const    0x08001ae8    0x20  - Linker created -
  .text              ro code  0x08001b08    0x1a  cmain.o [5]
  .text              ro code  0x08001b22     0x4  low_level_init.o [3]
  .text              ro code  0x08001b26     0x8  exit.o [3]
  .text              ro code  0x08001b2e     0x2  startup_stm32f0xx.o [1]
  .text              ro code  0x08001b30     0xa  cexit.o [5]
  .text              ro code  0x08001b3a     0x2  startup_stm32f0xx.o [1]
  .text              ro code  0x08001b3c    0x14  exit.o [6]
  .rodata            const    0x08001b50    0x10  main.o [1]
  .text              ro code  0x08001b60    0x10  startup_stm32f0xx.o [1]
  .text              ro code  0x08001b70     0xc  cstartup_M.o [5]
  .text              ro code  0x08001b7c     0x2  startup_stm32f0xx.o [1]
  .text              ro code  0x08001b7e     0x2  startup_stm32f0xx.o [1]
  .text              ro code  0x08001b80     0x2  startup_stm32f0xx.o [1]
  .text              ro code  0x08001b82     0x2  startup_stm32f0xx.o [1]
  .text              ro code  0x08001b84     0x2  startup_stm32f0xx.o [1]
  .text              ro code  0x08001b86     0x2  startup_stm32f0xx.o [1]
  .text              ro code  0x08001b88     0x2  startup_stm32f0xx.o [1]
  .text              ro code  0x08001b8a     0x2  startup_stm32f0xx.o [1]
  .text              ro code  0x08001b8c     0x2  startup_stm32f0xx.o [1]
  .text              ro code  0x08001b8e     0x2  startup_stm32f0xx.o [1]
  .text              ro code  0x08001b90     0x2  startup_stm32f0xx.o [1]
  .text              ro code  0x08001b92     0x2  startup_stm32f0xx.o [1]
  .text              ro code  0x08001b94     0x2  startup_stm32f0xx.o [1]
  .text              ro code  0x08001b96     0x2  startup_stm32f0xx.o [1]
  .text              ro code  0x08001b98     0x2  startup_stm32f0xx.o [1]
  .text              ro code  0x08001b9a     0x2  startup_stm32f0xx.o [1]
  .text              ro code  0x08001b9c     0x2  startup_stm32f0xx.o [1]
  .text              ro code  0x08001b9e     0x2  startup_stm32f0xx.o [1]
  .rodata            const    0x08001ba0     0x0  zero_init3.o [5]
  .rodata            const    0x08001ba0     0x0  packbits_init_single.o [5]
  Initializer bytes  const    0x08001ba0    0x43  <for P2-1>
                            - 0x08001be3  0x1aeb

"P2", part 1 of 2:                          0xde
  P2-1                        0x20000000    0xde  <Init block>
    .data            inited   0x20000000    0x18  HD44780.o [1]
    .data            inited   0x20000018    0x48  main.o [1]
    .data            inited   0x20000060    0x14  main.o [1]
    .data            inited   0x20000074    0x1c  rtms.o [1]
    .data            inited   0x20000090    0x14  system_stm32f0xx.o [1]
    .data            inited   0x200000a4    0x2e  stm32f0xx_it.o [1]
    .data            inited   0x200000d2     0x6  timeout.o [1]
    .data            inited   0x200000d8     0x6  timeout.o [1]
                            - 0x200000de    0xde

"P2", part 2 of 2:                          0x80
  .bss               zero     0x200000e0    0x30  pid.o [1]
  .bss               zero     0x20000110    0x20  stm32f0xx_it.o [1]
  .bss               zero     0x20000130     0xc  stackusage.o [1]
  .bss               zero     0x2000013c     0x6  delay.o [1]
  .bss               zero     0x20000142     0x4  delay.o [1]
  .bss               zero     0x20000146     0x2  errors.o [1]
  .bss               zero     0x20000148     0x4  rtms.o [1]
  .bss               zero     0x2000014c     0x4  rtms.o [1]
  .bss               zero     0x20000150     0x4  rtms.o [1]
  .bss               zero     0x20000154     0x4  rtms.o [1]
  .bss               zero     0x20000158     0x1  HD44780.o [1]
  .bss               zero     0x20000159     0x1  HD44780.o [1]
  .bss               zero     0x2000015a     0x1  HD44780.o [1]
  .bss               zero     0x2000015b     0x1  HD44780.o [1]
  .bss               zero     0x2000015c     0x1  HD44780.o [1]
  .bss               zero     0x2000015d     0x1  HD44780.o [1]
  .bss               zero     0x2000015e     0x1  rtms.o [1]
  .bss               zero     0x2000015f     0x1  stm32f0xx_it.o [1]
                            - 0x20000160    0x80

"P3":                                      0x400
  CSTACK                      0x20001c00   0x400  <Block>
    CSTACK           uninit   0x20001c00   0x400  <Block tail>
                            - 0x20002000   0x400


*******************************************************************************
*** INIT TABLE
***

          Address     Size
          -------     ----
Zero (__iar_zero_init3)
    1 destination range, total size 0x80:
          0x200000e0  0x80

Copy/packbits (__iar_packbits_init_single3)
    1 source range, total size 0x43 (30% of destination):
          0x08001ba0  0x43
    1 destination range, total size 0xde:
          0x20000000  0xde


*******************************************************************************
*** STACK USAGE
***

  Call Graph Root Category  Max Use  Total Use
  ------------------------  -------  ---------
  Program entry                144        144
  Uncalled function             28         64


Program entry
  "__iar_program_start": 0x08001b71

  Maximum call chain                              144  bytes

    "__iar_program_start"                           0
    "__cmain"                                       0
    "main"                                         24
    "Config"                                        8
    "Config_ADC1_DMA"                              96
    "NVIC_Init"                                    16

Uncalled function
  "DMA1_Channel1_IRQHandler": 0x0800162d

  Maximum call chain                               28  bytes

    "DMA1_Channel1_IRQHandler"                     20
    "__aeabi_idiv"                                  0
    "__aeabi_uidiv"                                 8
    "__aeabi_idiv0"                                 0

Uncalled function
  "HardFault_Handler": 0x08001701

  Maximum call chain                                0  bytes

    "HardFault_Handler"                             0

Uncalled function
  "NMI_Handler": 0x080016ff

  Maximum call chain                                0  bytes

    "NMI_Handler"                                   0

Uncalled function
  "PendSV_Handler": 0x08001705

  Maximum call chain                                0  bytes

    "PendSV_Handler"                                0

Uncalled function
  "SVC_Handler": 0x08001703

  Maximum call chain                                0  bytes

    "SVC_Handler"                                   0

Uncalled function
  "SysTick_Handler": 0x08001707

  Maximum call chain                                0  bytes

    "SysTick_Handler"                               0

Uncalled function
  "TIM17_IRQHandler": 0x080019c5

  Maximum call chain                                8  bytes

    "TIM17_IRQHandler"                              8

Uncalled function
  "TIM2_IRQHandler": 0x080016fd

  Maximum call chain                                0  bytes

    "TIM2_IRQHandler"                               0

Uncalled function
  "TIM3_IRQHandler": 0x08001709

  Maximum call chain                               20  bytes

    "TIM3_IRQHandler"                              20

Uncalled function
  "USART1_IRQHandler": 0x08001a45

  Maximum call chain                                0  bytes

    "USART1_IRQHandler"                             0

Uncalled function
  "SystemInit": 0x08000b7d

  Maximum call chain                                8  bytes

    "SystemInit"                                    8


*******************************************************************************
*** MODULE SUMMARY
***

    Module                  ro code  ro data  rw data
    ------                  -------  -------  -------
D:\Work\Bitbucket\ProgrammableLoad_SW\IAR_EW6.7\EWARM\TIM_TimeBase\Obj: [1]
    HD44780.o                   992        7       30
    config.o                  1 100
    delay.o                      84                10
    errors.o                     73                 2
    main.o                    1 352       44       92
    pid.o                        20                48
    rtms.o                       96        8       45
    stackusage.o                 84                12
    startup_stm32f0xx.o         312
    stm32f0xx_adc.o             272
    stm32f0xx_dac.o              80
    stm32f0xx_dma.o             200
    stm32f0xx_gpio.o            106
    stm32f0xx_it.o            1 050       14       79
    stm32f0xx_misc.o             84
    stm32f0xx_rcc.o              96
    stm32f0xx_tim.o             188
    system_stm32f0xx.o          340        6       20
    timeout.o                    28        4       12
    -------------------------------------------------
    Total:                    6 557       83      350

command line: [2]
    -------------------------------------------------
    Total:

dl6M_tln.a: [3]
    exit.o                        8
    low_level_init.o              4
    -------------------------------------------------
    Total:                       12

m6M_tl.a: [4]
    -------------------------------------------------
    Total:

rt6M_tl.a: [5]
    I32DivModFast.o             224
    IntDivZer.o                   2
    cexit.o                      10
    cmain.o                      26
    cstartup_M.o                 12
    data_init.o                  40
    packbits_init_single.o       60
    zero_init3.o                 60
    -------------------------------------------------
    Total:                      434

shb_l.a: [6]
    exit.o                       20
    -------------------------------------------------
    Total:                       20

    Gaps                          1
    Linker created                        32    1 024
-----------------------------------------------------
    Grand Total:              7 024      115    1 374


*******************************************************************************
*** ENTRY LIST
***

Entry                      Address   Size  Type      Object
-----                      -------   ----  ----      ------
.iar.init_table$$Base   0x08001ae8          --   Gb  - Linker created -
.iar.init_table$$Limit  0x08001b08          --   Gb  - Linker created -
?main                   0x08001b09         Code  Gb  cmain.o [5]
ADC_ChannelConfig       0x0800145d    0xa  Code  Gb  stm32f0xx_adc.o [1]
ADC_Cmd                 0x08001433   0x12  Code  Gb  stm32f0xx_adc.o [1]
ADC_Conv_Tab            0x2000011c    0x8  Data  Gb  stm32f0xx_it.o [1]
ADC_Conv_Tab_Avg        0x20000114    0x8  Data  Gb  stm32f0xx_it.o [1]
ADC_Conv_Tab_Avg_Acc    0x20000124    0xc  Data  Gb  stm32f0xx_it.o [1]
ADC_DMACmd              0x08001499   0x16  Code  Gb  stm32f0xx_adc.o [1]
ADC_DMARequestModeConfig
                        0x080014af   0x10  Code  Gb  stm32f0xx_adc.o [1]
ADC_DeInit              0x080013e1   0x1e  Code  Gb  stm32f0xx_adc.o [1]
ADC_GetCalibrationFactor
                        0x08001467   0x28  Code  Gb  stm32f0xx_adc.o [1]
ADC_GetFlagStatus       0x080014bf   0x1a  Code  Gb  stm32f0xx_adc.o [1]
ADC_Init                0x080013ff   0x24  Code  Gb  stm32f0xx_adc.o [1]
ADC_StartOfConversion   0x0800148f    0xa  Code  Gb  stm32f0xx_adc.o [1]
ADC_StructInit          0x08001423   0x10  Code  Gb  stm32f0xx_adc.o [1]
ADC_VrefintCmd          0x08001445   0x18  Code  Gb  stm32f0xx_adc.o [1]
AHBPrescTable           0x20000090   0x10  Data  Gb  system_stm32f0xx.o [1]
BTN_DEC_DEB_STATE       0x200000b0    0x1  Data  Gb  stm32f0xx_it.o [1]
BTN_DEC_DELAY_FLAG      0x200000b5    0x1  Data  Gb  stm32f0xx_it.o [1]
BTN_DEC_press_timer     0x200000ca    0x2  Data  Gb  stm32f0xx_it.o [1]
BTN_INC_DEB_STATE       0x200000ad    0x1  Data  Gb  stm32f0xx_it.o [1]
BTN_INC_DELAY_FLAG      0x200000b4    0x1  Data  Gb  stm32f0xx_it.o [1]
BTN_INC_press_timer     0x200000c6    0x2  Data  Gb  stm32f0xx_it.o [1]
BTN_MODE_DEB_STATE      0x200000b3    0x1  Data  Gb  stm32f0xx_it.o [1]
BTN_MODE_DELAY_FLAG     0x200000b6    0x1  Data  Gb  stm32f0xx_it.o [1]
BTN_MODE_press_timer    0x200000ce    0x2  Data  Gb  stm32f0xx_it.o [1]
CSTACK$$Base            0x20001c00          --   Gb  - Linker created -
CSTACK$$Limit           0x20002000          --   Gb  - Linker created -
Config                  0x08000695   0x2c  Code  Gb  config.o [1]
Config_ADC1_DMA         0x080009b9  0x108  Code  Gb  config.o [1]
Config_DAC              0x08000969   0x2a  Code  Gb  config.o [1]
Config_GPIO             0x080006c1  0x172  Code  Gb  config.o [1]
Config_TIM15            0x080008b5   0x32  Code  Gb  config.o [1]
Config_TIM16            0x080008e7   0x22  Code  Gb  config.o [1]
Config_TIM17            0x08000909   0x5a  Code  Gb  config.o [1]
Config_TIM2             0x08000833   0x26  Code  Gb  config.o [1]
Config_TIM3             0x08000859   0x4a  Code  Gb  config.o [1]
Convert2String_CPUload  0x08000591   0x2a  Code  Gb  main.o [1]
Convert2String_Current  0x08000495   0x74  Code  Gb  main.o [1]
Convert2String_MaxStack
                        0x080005e3   0x4a  Code  Gb  main.o [1]
Convert2String_Voltage  0x08000515   0x74  Code  Gb  main.o [1]
CpuLoad_old             0x20000036    0x2  Data  Gb  main.o [1]
CurrentSenOffset        0x20000058    0x4  Data  Gb  main.o [1]
CurrentSenOffset_acc    0x2000005c    0x4  Data  Gb  main.o [1]
DAC_Cmd                 0x08000afb   0x18  Code  Gb  stm32f0xx_dac.o [1]
DAC_Init                0x08000ae1   0x1a  Code  Gb  stm32f0xx_dac.o [1]
DAC_SetChannel1Data     0x08000b13   0x1a  Code  Gb  stm32f0xx_dac.o [1]
DMA1_Channel1_IRQHandler
                        0x0800162d   0xa8  Code  Gb  stm32f0xx_it.o [1]
DMA_Cmd                 0x08001581   0x14  Code  Gb  stm32f0xx_dma.o [1]
DMA_DeInit              0x080014f1   0x5a  Code  Gb  stm32f0xx_dma.o [1]
DMA_ITConfig            0x08001595   0x12  Code  Gb  stm32f0xx_dma.o [1]
DMA_Init                0x0800154b   0x36  Code  Gb  stm32f0xx_dma.o [1]
Errors_Init             0x08000b31    0xa  Code  Gb  errors.o [1]
Errors_ResetError       0x08000b5b   0x18  Code  Gb  errors.o [1]
Errors_SetError         0x08000b3d   0x1e  Code  Gb  errors.o [1]
FLAG_1000ms             0x200000aa    0x1  Data  Gb  stm32f0xx_it.o [1]
FLAG_100ms              0x200000a6    0x1  Data  Gb  stm32f0xx_it.o [1]
FLAG_10ms               0x200000a4    0x1  Data  Gb  stm32f0xx_it.o [1]
FLAG_250ms              0x200000a8    0x1  Data  Gb  stm32f0xx_it.o [1]
FLAG_500ms              0x200000a9    0x1  Data  Gb  stm32f0xx_it.o [1]
FLAG_ADC_NewData        0x20000111    0x1  Data  Gb  stm32f0xx_it.o [1]
FLAG_PID_500us          0x2000015f    0x1  Data  Gb  stm32f0xx_it.o [1]
GPIO_Init               0x08001265   0x6a  Code  Gb  stm32f0xx_gpio.o [1]
HardFault_Handler       0x08001701    0x2  Code  Gb  stm32f0xx_it.o [1]
ImA                     0x20000048    0x4  Data  Lc  main.o [1]
ImA_old                 0x2000004c    0x4  Data  Lc  main.o [1]
ImA_test                0x20000054    0x4  Data  Gb  main.o [1]
LCD_Clear               0x08000fd1   0x3c  Code  Gb  HD44780.o [1]
LCD_Clock               0x08000cd1   0x34  Code  Gb  HD44780.o [1]
LCD_GoTo                0x0800105b   0x3e  Code  Gb  HD44780.o [1]
LCD_Home                0x08001019   0x3a  Code  Gb  HD44780.o [1]
LCD_Initialize          0x08000e09  0x126  Code  Gb  HD44780.o [1]
LCD_UPDATE_LIMIT_FLAG   0x200000b7    0x1  Data  Gb  stm32f0xx_it.o [1]
LCD_Update              0x2000002c    0x1  Data  Gb  main.o [1]
LCD_Write               0x08000d05  0x104  Code  Gb  HD44780.o [1]
LCD_WriteString         0x08000f55   0x7c  Code  Gb  HD44780.o [1]
MaxStackUsage           0x20000130    0x1  Data  Lc  stackusage.o [1]
MaxStackUsage_old       0x20000030    0x1  Data  Gb  main.o [1]
NMI_Handler             0x080016ff    0x2  Code  Gb  stm32f0xx_it.o [1]
NVIC_Init               0x080012d1   0x48  Code  Gb  stm32f0xx_misc.o [1]
PID_Init                0x080010b1   0x10  Code  Gb  pid.o [1]
PendSV_Handler          0x08001705    0x2  Code  Gb  stm32f0xx_it.o [1]
PowermW_old             0x20000050    0x4  Data  Lc  main.o [1]
RCC_AHBPeriphClockCmd   0x08001205   0x14  Code  Gb  stm32f0xx_rcc.o [1]
RCC_APB1PeriphClockCmd  0x0800122d   0x14  Code  Gb  stm32f0xx_rcc.o [1]
RCC_APB2PeriphClockCmd  0x08001219   0x14  Code  Gb  stm32f0xx_rcc.o [1]
RCC_APB2PeriphResetCmd  0x08001241   0x14  Code  Gb  stm32f0xx_rcc.o [1]
RTMS_CpuLoadCalculation
                        0x080010c5   0x50  Code  Gb  rtms.o [1]
RTMS_GetCpuLoadCurrent  0x08001115    0x6  Code  Gb  rtms.o [1]
Region$$Table$$Base     0x08001ae8          --   Gb  - Linker created -
Region$$Table$$Limit    0x08001b08          --   Gb  - Linker created -
Requested_Current       0x20000038    0x2  Data  Lc  main.o [1]
Requested_Current_old   0x2000003a    0x2  Data  Lc  main.o [1]
RunningTask             0x2000015e    0x1  Data  Gb  rtms.o [1]
SVC_Handler             0x08001703    0x2  Code  Gb  stm32f0xx_it.o [1]
StackAddresBottom       0x20000138    0x4  Data  Lc  stackusage.o [1]
StackAddressTop         0x20000134    0x4  Data  Lc  stackusage.o [1]
StackUsage_CalcMaxUsage
                        0x08000653   0x2e  Code  Gb  stackusage.o [1]
StackUsage_GetMaxStackUsage
                        0x08000681    0x6  Code  Gb  stackusage.o [1]
StackUsage_Init         0x08000641   0x12  Code  Gb  stackusage.o [1]
SysTick_Handler         0x08001707    0x2  Code  Gb  stm32f0xx_it.o [1]
SystemCoreClock         0x200000a0    0x4  Data  Gb  system_stm32f0xx.o [1]
SystemCoreClockUpdate   0x08000c55   0x50  Code  Gb  system_stm32f0xx.o [1]
SystemInit              0x08000b7d   0xd8  Code  Gb  system_stm32f0xx.o [1]
TIM17_IRQHandler        0x080019c5   0x40  Code  Gb  stm32f0xx_it.o [1]
TIM2_IRQHandler         0x080016fd    0x2  Code  Gb  stm32f0xx_it.o [1]
TIM3_IRQHandler         0x08001709  0x29c  Code  Gb  stm32f0xx_it.o [1]
TIM_ClearITPendingBit   0x080013c7    0x6  Code  Gb  stm32f0xx_tim.o [1]
TIM_Cmd                 0x0800137d   0x14  Code  Gb  stm32f0xx_tim.o [1]
TIM_ITConfig            0x080013b5   0x12  Code  Gb  stm32f0xx_tim.o [1]
TIM_SelectOutputTrigger
                        0x080013cd   0x10  Code  Gb  stm32f0xx_tim.o [1]
TIM_TimeBaseInit        0x08001325   0x58  Code  Gb  stm32f0xx_tim.o [1]
Timeout_IsTimeout1      0x080015bd    0x6  Code  Gb  timeout.o [1]
Timeout_SetTimeout1     0x080015b9    0x4  Code  Gb  timeout.o [1]
Timeout_istout1         0x200000d2    0x1  Data  Gb  timeout.o [1]
Timeout_istout2         0x200000d8    0x1  Data  Gb  timeout.o [1]
Timeout_tout1           0x200000d6    0x2  Data  Gb  timeout.o [1]
Timeout_tout2           0x200000dc    0x2  Data  Gb  timeout.o [1]
Timeout_toutcnt1        0x200000d4    0x2  Data  Gb  timeout.o [1]
Timeout_toutcnt2        0x200000da    0x2  Data  Gb  timeout.o [1]
USART1_IRQHandler       0x08001a45    0x2  Code  Gb  stm32f0xx_it.o [1]
UmV                     0x20000040    0x4  Data  Lc  main.o [1]
UmV_old                 0x20000044    0x4  Data  Lc  main.o [1]
VrefINT_CAL             0x20000034    0x2  Data  Gb  main.o [1]
_D                      0x200000ec    0x4  Data  Gb  pid.o [1]
_I                      0x200000e8    0x4  Data  Gb  pid.o [1]
_P                      0x200000e4    0x4  Data  Gb  pid.o [1]
__ICFEDIT_region_RAM_end__ {Abs}
                        0x20001fff         Data  Gb  command line/config [2]
__ICFEDIT_region_RAM_start__ {Abs}
                        0x20000000         Data  Gb  command line/config [2]
__ICFEDIT_size_cstack__ {Abs}
                        0x00000400         Data  Gb  command line/config [2]
__ICFEDIT_size_heap__ {Abs}
                        0x00000200         Data  Gb  command line/config [2]
__aeabi_idiv            0x08001151         Code  Gb  I32DivModFast.o [5]
__aeabi_idiv0           0x08001629         Code  Gb  IntDivZer.o [5]
__aeabi_idivmod         0x08001151         Code  Gb  I32DivModFast.o [5]
__aeabi_uidiv           0x08001157         Code  Gb  I32DivModFast.o [5]
__aeabi_uidivmod        0x08001157         Code  Gb  I32DivModFast.o [5]
__cmain                 0x08001b09         Code  Gb  cmain.o [5]
__debug                 0x20000031    0x1  Data  Gb  main.o [1]
__exit                  0x08001b3d   0x14  Code  Gb  exit.o [6]
__iar_data_init3        0x08001ac1   0x28  Code  Gb  data_init.o [5]
__iar_packbits_init_single3
                        0x08001a83   0x3c  Code  Gb  packbits_init_single.o [5]
__iar_program_start     0x08001b71         Code  Gb  cstartup_M.o [5]
__iar_zero_init3        0x08001a47   0x3c  Code  Gb  zero_init3.o [5]
__low_level_init        0x08001b23    0x4  Code  Gb  low_level_init.o [3]
__vector_table          0x08000000         Data  Gb  startup_stm32f0xx.o [1]
_call_main              0x08001b15         Code  Gb  cmain.o [5]
_exit                   0x08001b31         Code  Gb  cexit.o [5]
_lcd_string             0x20000004   0x14  Data  Lc  HD44780.o [1]
_main                   0x08001b1f         Code  Gb  cmain.o [5]
_out                    0x200000f4    0x4  Data  Gb  pid.o [1]
_out_zero               0x20000108    0x4  Data  Gb  pid.o [1]
_pid                    0x200000f0    0x4  Data  Gb  pid.o [1]
adc_samp_avg_cnt        0x20000110    0x1  Data  Gb  stm32f0xx_it.o [1]
btn_dec_0_cnt           0x200000ae    0x1  Data  Gb  stm32f0xx_it.o [1]
btn_dec_1_cnt           0x200000af    0x1  Data  Gb  stm32f0xx_it.o [1]
btn_dec_delay           0x200000c0    0x2  Data  Lc  stm32f0xx_it.o [1]
btn_dec_delay_cnt       0x200000c8    0x2  Data  Gb  stm32f0xx_it.o [1]
btn_inc_0_cnt           0x200000ab    0x1  Data  Gb  stm32f0xx_it.o [1]
btn_inc_1_cnt           0x200000ac    0x1  Data  Gb  stm32f0xx_it.o [1]
btn_inc_delay           0x200000be    0x2  Data  Lc  stm32f0xx_it.o [1]
btn_inc_delay_cnt       0x200000c4    0x2  Data  Gb  stm32f0xx_it.o [1]
btn_mode_0_cnt          0x200000b1    0x1  Data  Gb  stm32f0xx_it.o [1]
btn_mode_1_cnt          0x200000b2    0x1  Data  Gb  stm32f0xx_it.o [1]
btn_mode_delay          0x200000c2    0x2  Data  Lc  stm32f0xx_it.o [1]
btn_mode_delay_cnt      0x200000cc    0x2  Data  Gb  stm32f0xx_it.o [1]
cnt_LCD_WriteString     0x20000001    0x1  Data  Lc  HD44780.o [1]
cnt_RdCurrentSenOffset  0x20000032    0x1  Data  Gb  main.o [1]
cnt_discardADC          0x20000033    0x1  Data  Gb  main.o [1]
cnt_flag_1000ms         0x200000bc    0x2  Data  Gb  stm32f0xx_it.o [1]
cnt_flag_100ms          0x200000a7    0x1  Data  Gb  stm32f0xx_it.o [1]
cnt_flag_10ms           0x200000a5    0x1  Data  Gb  stm32f0xx_it.o [1]
cnt_flag_250ms          0x200000b8    0x2  Data  Gb  stm32f0xx_it.o [1]
cnt_flag_500ms          0x200000ba    0x2  Data  Gb  stm32f0xx_it.o [1]
correction              0x2000010c    0x4  Data  Gb  pid.o [1]
cpuload                 0x20000074    0x2  Data  Lc  rtms.o [1]
cpuload_int             0x2000008c    0x4  Data  Gb  rtms.o [1]
cpuload_max             0x20000078    0x2  Data  Lc  rtms.o [1]
cpuload_min             0x20000076    0x2  Data  Lc  rtms.o [1]
cpuload_task            0x20000080    0x4  Data  Gb  rtms.o [1]
current_sensor_offset   0x20000104    0x4  Data  Gb  pid.o [1]
delay_us                0x080015d5   0x1a  Code  Gb  delay.o [1]
delay_us_nonblocking1   0x080015ef   0x26  Code  Gb  delay.o [1]
derivative              0x200000fc    0x4  Data  Gb  pid.o [1]
end_int                 0x20000154    0x4  Data  Gb  rtms.o [1]
end_task                0x2000014c    0x4  Data  Gb  rtms.o [1]
error_cnt               0x20000146    0x1  Data  Lc  errors.o [1]
error_cnt_thr           0x08000b78    0x1  Data  Lc  errors.o [1]
error_old               0x20000100    0x4  Data  Gb  pid.o [1]
error_state             0x20000147    0x1  Data  Lc  errors.o [1]
exit                    0x08001b27    0x8  Code  Gb  exit.o [3]
flag_LCD_Update_row1    0x2000002d    0x1  Data  Gb  main.o [1]
flag_LCD_Update_row2    0x2000002e    0x1  Data  Gb  main.o [1]
flag_error_negative     0x200000e0    0x1  Data  Gb  pid.o [1]
integral                0x200000f8    0x4  Data  Gb  pid.o [1]
lcd_row1                0x20000018   0x14  Data  Lc  main.o [1]
lcd_row2                0x20000060   0x14  Data  Lc  main.o [1]
lcd_update_limit_delay_cnt
                        0x200000d0    0x2  Data  Gb  stm32f0xx_it.o [1]
main                    0x080000f9  0x364  Code  Gb  main.o [1]
ptr_VREFINT_CAL         0x2000003c    0x4  Data  Gb  main.o [1]
start_int               0x20000150    0x4  Data  Gb  rtms.o [1]
start_task              0x20000148    0x4  Data  Gb  rtms.o [1]
step_Background_Task    0x2000002f    0x1  Data  Lc  main.o [1]
step_LCD_Clear          0x2000015c    0x1  Data  Lc  HD44780.o [1]
step_LCD_Clock          0x2000015b    0x1  Data  Lc  HD44780.o [1]
step_LCD_GoTo           0x2000015a    0x1  Data  Lc  HD44780.o [1]
step_LCD_Home           0x20000159    0x1  Data  Lc  HD44780.o [1]
step_LCD_Initialize     0x20000158    0x1  Data  Lc  HD44780.o [1]
step_LCD_Write          0x2000015d    0x1  Data  Lc  HD44780.o [1]
step_LCD_WriteString    0x20000000    0x1  Data  Lc  HD44780.o [1]
timer_delta             0x20000144    0x2  Data  Lc  delay.o [1]
timer_tstamp            0x20000142    0x2  Data  Lc  delay.o [1]
timernonblock_delta1    0x20000140    0x2  Data  Lc  delay.o [1]
timernonblock_step1     0x2000013c    0x1  Data  Lc  delay.o [1]
timernonblock_tstamp1   0x2000013e    0x2  Data  Lc  delay.o [1]
total_int               0x20000084    0x4  Data  Gb  rtms.o [1]
total_int_intask        0x20000088    0x4  Data  Gb  rtms.o [1]
total_task              0x2000007c    0x4  Data  Gb  rtms.o [1]


[1] = D:\Work\Bitbucket\ProgrammableLoad_SW\IAR_EW6.7\EWARM\TIM_TimeBase\Obj
[2] = command line
[3] = dl6M_tln.a
[4] = m6M_tl.a
[5] = rt6M_tl.a
[6] = shb_l.a

  7 024 bytes of readonly  code memory
    115 bytes of readonly  data memory
  1 374 bytes of readwrite data memory

Errors: none
Warnings: 1
